Archive member included because of file (symbol)

../../ChinookLib/ChinookLib.X/dist/default/production/ChinookLib.X.a(ChinookPorts.o)
                              build/default/production/source/main.o (Port)
../../ChinookLib/ChinookLib.X/dist/default/production/ChinookLib.X.a(ChinookPwm.o)
                              build/default/production/source/main.o (Pwm)
../../ChinookLib/ChinookLib.X/dist/default/production/ChinookLib.X.a(ChinookTimer.o)
                              build/default/production/source/main.o (Timer)
../../ChinookLib/ChinookLib.X/dist/default/production/ChinookLib.X.a(ChinookUart.o)
                              build/default/production/source/main.o (Uart)
../../ChinookLib/ChinookLib.X/dist/default/production/ChinookLib.X.a(ChinookSpi.o)
                              build/default/production/source/Setup.o (Spi)
../../ChinookLib/ChinookLib.X/dist/default/production/ChinookLib.X.a(ChinookAdc.o)
                              build/default/production/source/main.o (Adc)
../../ChinookLib/ChinookLib.X/dist/default/production/ChinookLib.X.a(ChinookInputCapture.o)
                              build/default/production/source/main.o (InputCapture)
../../ChinookLib/ChinookLib.X/dist/default/production/ChinookLib.X.a(ChinookWdt.o)
                              build/default/production/source/main.o (Wdt)
../../ChinookLib/ChinookLib.X/dist/default/production/ChinookLib.X.a(ChinookSkadi.o)
                              build/default/production/source/main.o (Skadi)
../../ChinookLib/ChinookLib.X/dist/default/production/ChinookLib.X.a(ChinookCan.o)
                              build/default/production/source/main.o (Can)
../../ChinookLib/ChinookLib.X/dist/default/production/ChinookLib.X.a(ChinookI2c.o)
                              build/default/production/source/main.o (I2c)
/Applications/microchip/xc32/v1.33/bin/bin/../../lib/gcc/pic32mx/4.5.2/../../../../pic32mx/lib/libmchp_peripheral.a(open_core_timer_lib.o)
                              ../../ChinookLib/ChinookLib.X/dist/default/production/ChinookLib.X.a(ChinookTimer.o) (OpenCoreTimer)
/Applications/microchip/xc32/v1.33/bin/bin/../../lib/gcc/pic32mx/4.5.2/../../../../pic32mx/lib/libmchp_peripheral.a(read_core_timer_lib.o)
                              ../../ChinookLib/ChinookLib.X/dist/default/production/ChinookLib.X.a(ChinookTimer.o) (ReadCoreTimer)
/Applications/microchip/xc32/v1.33/bin/bin/../../lib/gcc/pic32mx/4.5.2/../../../../pic32mx/lib/libmchp_peripheral.a(write_core_timer_lib.o)
                              ../../ChinookLib/ChinookLib.X/dist/default/production/ChinookLib.X.a(ChinookTimer.o) (WriteCoreTimer)
/Applications/microchip/xc32/v1.33/bin/bin/../../lib/gcc/pic32mx/4.5.2/../../../../pic32mx/lib/libmchp_peripheral_32MX795F512H.a(CANConfiguration.o)
                              ../../ChinookLib/ChinookLib.X/dist/default/production/ChinookLib.X.a(ChinookCan.o) (CANSetSpeed)
/Applications/microchip/xc32/v1.33/bin/bin/../../lib/gcc/pic32mx/4.5.2/../../../../pic32mx/lib/libmchp_peripheral_32MX795F512H.a(CANEventFunctions.o)
                              build/default/production/source/Interrupts.o (CANGetPendingEventCode)
/Applications/microchip/xc32/v1.33/bin/bin/../../lib/gcc/pic32mx/4.5.2/../../../../pic32mx/lib/libmchp_peripheral_32MX795F512H.a(CANFilterFunctions.o)
                              ../../ChinookLib/ChinookLib.X/dist/default/production/ChinookLib.X.a(ChinookCan.o) (CANConfigureFilterMask)
/Applications/microchip/xc32/v1.33/bin/bin/../../lib/gcc/pic32mx/4.5.2/../../../../pic32mx/lib/libmchp_peripheral_32MX795F512H.a(CANReceiveFunctions.o)
                              build/default/production/source/Interrupts.o (CANGetRxMessage)
/Applications/microchip/xc32/v1.33/bin/bin/../../lib/gcc/pic32mx/4.5.2/../../../../pic32mx/lib/libmchp_peripheral_32MX795F512H.a(CANTransmitFunctions.o)
                              ../../ChinookLib/ChinookLib.X/dist/default/production/ChinookLib.X.a(ChinookCan.o) (CANConfigureChannelForTx)
/Applications/microchip/xc32/v1.33/bin/bin/../../lib/gcc/pic32mx/4.5.2/../../../../pic32mx/lib/libmchp_peripheral_32MX795F512H.a(pcache.o)
                              build/default/production/source/main.o (CheKseg0CacheOn)
/Applications/microchip/xc32/v1.33/bin/bin/../../lib/gcc/pic32mx/4.5.2/../../../../pic32mx/lib/libmchp_peripheral_32MX795F512H.a(int_configure_system_lib.o)
                              build/default/production/source/Setup.o (INTConfigureSystem)
/Applications/microchip/xc32/v1.33/bin/bin/../../lib/gcc/pic32mx/4.5.2/../../../../pic32mx/lib/libmchp_peripheral_32MX795F512H.a(int_enable_interrupts_lib.o)
                              build/default/production/source/Setup.o (INTEnableInterrupts)
/Applications/microchip/xc32/v1.33/bin/bin/../../lib/gcc/pic32mx/4.5.2/../../../../pic32mx/lib/libmchp_peripheral_32MX795F512H.a(int_disable_interrupts_lib.o)
                              build/default/production/source/main.o (INTDisableInterrupts)
[...]
Memory Configuration

Name             Origin             Length             Attributes
kseg0_program_mem 0x9d000000         0x00080000         xr
kseg0_boot_mem   0x9fc00490         0x00000970
exception_mem    0x9fc01000         0x00001000
kseg1_boot_mem   0xbfc00000         0x00000490
debug_exec_mem   0xbfc02000         0x00000ff0
config3          0xbfc02ff0         0x00000004
config2          0xbfc02ff4         0x00000004
config1          0xbfc02ff8         0x00000004
config0          0xbfc02ffc         0x00000004
kseg1_data_mem   0xa0000000         0x00020000         w !x
sfrs             0xbf800000         0x00100000
configsfrs       0xbfc02ff0         0x00000010
*default*        0x00000000         0xffffffff

Linker script and memory map

LOAD /Applications/microchip/xc32/v1.33/bin/bin/../../lib/gcc/pic32mx/4.5.2/../../../../pic32mx/lib/./proc/32MX795F512H/crt0_mips32r2.o
LOAD /Applications/microchip/xc32/v1.33/bin/bin/../../lib/gcc/pic32mx/4.5.2/../../../../pic32mx/lib/debug-exception-return.o
LOAD build/default/production/source/main.o
LOAD build/default/production/source/StateMachine.o
LOAD build/default/production/source/Interrupts.o
LOAD build/default/production/source/Setup.o
LOAD build/default/production/source/dual_driver_vnh5019.o
LOAD ../../ChinookLib/ChinookLib.X/dist/default/production/ChinookLib.X.a
                0x00000001                __MPLAB_BUILD = 0x1
                0x00000400                _min_heap_size = 0x400
LOAD /Applications/microchip/xc32/v1.33/bin/bin/../../lib/gcc/pic32mx/4.5.2/../../../../pic32mx/lib/./proc/32MX795F512H/default_isr_vectors.o
LOAD /Applications/microchip/xc32/v1.33/bin/bin/../../lib/gcc/pic32mx/4.5.2/../../../../pic32mx/lib/pic32_software_reset.o
                0x00000400                PROVIDE (_min_stack_size, 0x400)
LOAD /Applications/microchip/xc32/v1.33/bin/bin/../../lib/gcc/pic32mx/4.5.2/../../../../pic32mx/lib/./proc/32MX795F512H/processor.o
START GROUP
LOAD /Applications/microchip/xc32/v1.33/bin/bin/../../lib/gcc/pic32mx/4.5.2/../../../../pic32mx/lib/libmchp_peripheral.a
END GROUP
START GROUP
LOAD /Applications/microchip/xc32/v1.33/bin/bin/../../lib/gcc/pic32mx/4.5.2/../../../../pic32mx/lib/libmchp_peripheral_32MX795F512H.a
END GROUP
                0x00000001                PROVIDE (_vector_spacing, 0x1)
                0x9fc01000                _ebase_address = 0x9fc01000
                0xbfc00000                _RESET_ADDR = 0xbfc00000
                0xbfc00380                _BEV_EXCPT_ADDR = 0xbfc00380
                0xbfc00480                _DBG_EXCPT_ADDR = 0xbfc00480
                0xbfc02000                _DBG_CODE_ADDR = 0xbfc02000
                0x00000ff0                _DBG_CODE_SIZE = 0xff0
                0x9fc01180                _GEN_EXCPT_ADDR = (_ebase_address + 0x180)

.config_BFC02FF0
                0xbfc02ff0        0x4
 *(.config_BFC02FF0)
 .config_BFC02FF0
                0xbfc02ff0        0x4 build/default/production/source/main.o

.config_BFC02FF4
                0xbfc02ff4        0x4
 *(.config_BFC02FF4)
 .config_BFC02FF4
                0xbfc02ff4        0x4 build/default/production/source/main.o

.config_BFC02FF8
                0xbfc02ff8        0x4
 *(.config_BFC02FF8)
 .config_BFC02FF8
                0xbfc02ff8        0x4 build/default/production/source/main.o

.config_BFC02FFC
                0xbfc02ffc        0x4
 *(.config_BFC02FFC)
 .config_BFC02FFC
                0xbfc02ffc        0x4 build/default/production/source/main.o
                0xbfc02000                PROVIDE (_DBG_CODE_ADDR, 0xbfc02000)
                0x00000ff0                PROVIDE (_DBG_CODE_SIZE, 0xff0)

.reset          0xbfc00000      0x1f0
 *(.reset)
 .reset         0xbfc00000        0x8 /Applications/microchip/xc32/v1.33/bin/bin/../../lib/gcc/pic32mx/4.5.2/../../../../pic32mx/lib/./proc/32MX795F512H/crt0_mips32r2.o
                0xbfc00000                _reset
 *(.reset.startup)
 .reset.startup
                0xbfc00008      0x1e8 /Applications/microchip/xc32/v1.33/bin/bin/../../lib/gcc/pic32mx/4.5.2/../../../../pic32mx/lib/./proc/32MX795F512H/crt0_mips32r2.o

.bev_excpt      0xbfc00380       0x10
 *(.bev_handler)
 .bev_handler   0xbfc00380       0x10 /Applications/microchip/xc32/v1.33/bin/bin/../../lib/gcc/pic32mx/4.5.2/../../../../pic32mx/lib/./proc/32MX795F512H/crt0_mips32r2.o

.dbg_excpt      0xbfc00480        0x0
                0xbfc00480                . = (. + DEFINED (_DEBUGGER)?0x8:0x0)

.dbg_code       0xbfc02000        0x0
                0xbfc02000                . = (. + DEFINED (_DEBUGGER)?_DBG_CODE_SIZE:0x0)

.app_excpt      0x9fc01180       0x10
 *(.gen_handler)
 .gen_handler   0x9fc01180       0x10 /Applications/microchip/xc32/v1.33/bin/bin/../../lib/gcc/pic32mx/4.5.2/../../../../pic32mx/lib/./proc/32MX795F512H/crt0_mips32r2.o

.vector_0       0x9fc01200        0x8
 *(.vector_0)
 .vector_0      0x9fc01200        0x8 /Applications/microchip/xc32/v1.33/bin/bin/../../lib/gcc/pic32mx/4.5.2/../../../../pic32mx/lib/libpic32.a(vector0.o)
                0x9fc01200                __vector_dispatch_0
                0x00000001                ASSERT (((_vector_spacing == 0x0) || (SIZEOF (.vector_0) <= (_vector_spacing << 0x5))), function at exception vector 0 too large)

.vector_1       0x9fc01220        0x8
 *(.vector_1)
 .vector_1      0x9fc01220        0x8 /Applications/microchip/xc32/v1.33/bin/bin/../../lib/gcc/pic32mx/4.5.2/../../../../pic32mx/lib/libpic32.a(vector1.o)
                0x9fc01220                __vector_dispatch_1
                0x00000001                ASSERT (((_vector_spacing == 0x0) || (SIZEOF (.vector_1) <= (_vector_spacing << 0x5))), function at exception vector 1 too large)

.vector_2       0x9fc01240        0x8
 *(.vector_2)
 .vector_2      0x9fc01240        0x8 /Applications/microchip/xc32/v1.33/bin/bin/../../lib/gcc/pic32mx/4.5.2/../../../../pic32mx/lib/libpic32.a(vector2.o)
                0x9fc01240                __vector_dispatch_2
                0x00000001                ASSERT (((_vector_spacing == 0x0) || (SIZEOF (.vector_2) <= (_vector_spacing << 0x5))), function at exception vector 2 too large)

.vector_3       0x9fc01260        0x8
 *(.vector_3)
 .vector_3      0x9fc01260        0x8 /Applications/microchip/xc32/v1.33/bin/bin/../../lib/gcc/pic32mx/4.5.2/../../../../pic32mx/lib/libpic32.a(vector3.o)
                0x9fc01260                __vector_dispatch_3
                0x00000001                ASSERT (((_vector_spacing == 0x0) || (SIZEOF (.vector_3) <= (_vector_spacing << 0x5))), function at exception vector 3 too large)

.vector_4       0x9fc01280        0x8
 *(.vector_4)
 .vector_4      0x9fc01280        0x8 build/default/production/source/Interrupts.o
                0x9fc01280                __vector_dispatch_4
                0x00000001                ASSERT (((_vector_spacing == 0x0) || (SIZEOF (.vector_4) <= (_vector_spacing << 0x5))), function at exception vector 4 too large)

.vector_5       0x9fc012a0        0x8
 *(.vector_5)
 .vector_5      0x9fc012a0        0x8 build/default/production/source/Interrupts.o
                0x9fc012a0                __vector_dispatch_5
                0x00000001                ASSERT (((_vector_spacing == 0x0) || (SIZEOF (.vector_5) <= (_vector_spacing << 0x5))), function at exception vector 5 too large)

.vector_6       0x9fc012c0        0x8
 *(.vector_6)
 .vector_6      0x9fc012c0        0x8 /Applications/microchip/xc32/v1.33/bin/bin/../../lib/gcc/pic32mx/4.5.2/../../../../pic32mx/lib/libpic32.a(vector6.o)
                0x9fc012c0                __vector_dispatch_6
                0x00000001                ASSERT (((_vector_spacing == 0x0) || (SIZEOF (.vector_6) <= (_vector_spacing << 0x5))), function at exception vector 6 too large)

.vector_7       0x9fc012e0        0x8
 *(.vector_7)
 .vector_7      0x9fc012e0        0x8 /Applications/microchip/xc32/v1.33/bin/bin/../../lib/gcc/pic32mx/4.5.2/../../../../pic32mx/lib/libpic32.a(vector7.o)
                0x9fc012e0                __vector_dispatch_7
                0x00000001                ASSERT (((_vector_spacing == 0x0) || (SIZEOF (.vector_7) <= (_vector_spacing << 0x5))), function at exception vector 7 too large)

.vector_8       0x9fc01300        0x8
 *(.vector_8)
 .vector_8      0x9fc01300        0x8 build/default/production/source/Interrupts.o
                0x9fc01300                __vector_dispatch_8
                0x00000001                ASSERT (((_vector_spacing == 0x0) || (SIZEOF (.vector_8) <= (_vector_spacing << 0x5))), function at exception vector 8 too large)

.vector_9       0x9fc01320        0x8
 *(.vector_9)
 .vector_9      0x9fc01320        0x8 build/default/production/source/Interrupts.o
                0x9fc01320                __vector_dispatch_9
                0x00000001                ASSERT (((_vector_spacing == 0x0) || (SIZEOF (.vector_9) <= (_vector_spacing << 0x5))), function at exception vector 9 too large)

.vector_10      0x9fc01340        0x8
 *(.vector_10)
 .vector_10     0x9fc01340        0x8 /Applications/microchip/xc32/v1.33/bin/bin/../../lib/gcc/pic32mx/4.5.2/../../../../pic32mx/lib/libpic32.a(vector10.o)
                0x9fc01340                __vector_dispatch_10
                0x00000001                ASSERT (((_vector_spacing == 0x0) || (SIZEOF (.vector_10) <= (_vector_spacing << 0x5))), function at exception vector 10 too large)

.vector_11      0x9fc01360        0x8
 *(.vector_11)
 .vector_11     0x9fc01360        0x8 /Applications/microchip/xc32/v1.33/bin/bin/../../lib/gcc/pic32mx/4.5.2/../../../../pic32mx/lib/libpic32.a(vector11.o)
                0x9fc01360                __vector_dispatch_11
                0x00000001                ASSERT (((_vector_spacing == 0x0) || (SIZEOF (.vector_11) <= (_vector_spacing << 0x5))), function at exception vector 11 too large)

.vector_12      0x9fc01380        0x8
 *(.vector_12)
 .vector_12     0x9fc01380        0x8 build/default/production/source/Interrupts.o
                0x9fc01380                __vector_dispatch_12
                0x00000001                ASSERT (((_vector_spacing == 0x0) || (SIZEOF (.vector_12) <= (_vector_spacing << 0x5))), function at exception vector 12 too large)

.vector_13      0x9fc013a0        0x8
 *(.vector_13)
 .vector_13     0x9fc013a0        0x8 build/default/production/source/Interrupts.o
                0x9fc013a0                __vector_dispatch_13
                0x00000001                ASSERT (((_vector_spacing == 0x0) || (SIZEOF (.vector_13) <= (_vector_spacing << 0x5))), function at exception vector 13 too large)

.vector_14      0x9fc013c0        0x8
 *(.vector_14)
 .vector_14     0x9fc013c0        0x8 /Applications/microchip/xc32/v1.33/bin/bin/../../lib/gcc/pic32mx/4.5.2/../../../../pic32mx/lib/libpic32.a(vector14.o)
                0x9fc013c0                __vector_dispatch_14
                0x00000001                ASSERT (((_vector_spacing == 0x0) || (SIZEOF (.vector_14) <= (_vector_spacing << 0x5))), function at exception vector 14 too large)

.vector_15      0x9fc013e0        0x8
 *(.vector_15)
 .vector_15     0x9fc013e0        0x8 /Applications/microchip/xc32/v1.33/bin/bin/../../lib/gcc/pic32mx/4.5.2/../../../../pic32mx/lib/libpic32.a(vector15.o)
                0x9fc013e0                __vector_dispatch_15
                0x00000001                ASSERT (((_vector_spacing == 0x0) || (SIZEOF (.vector_15) <= (_vector_spacing << 0x5))), function at exception vector 15 too large)

.vector_16      0x9fc01400        0x8
 *(.vector_16)
 .vector_16     0x9fc01400        0x8 build/default/production/source/Interrupts.o
                0x9fc01400                __vector_dispatch_16
                0x00000001                ASSERT (((_vector_spacing == 0x0) || (SIZEOF (.vector_16) <= (_vector_spacing << 0x5))), function at exception vector 16 too large)

.vector_17      0x9fc01420        0x8
 *(.vector_17)
 .vector_17     0x9fc01420        0x8 build/default/production/source/Interrupts.o
                0x9fc01420                __vector_dispatch_17
                0x00000001                ASSERT (((_vector_spacing == 0x0) || (SIZEOF (.vector_17) <= (_vector_spacing << 0x5))), function at exception vector 17 too large)

.vector_18      0x9fc01440        0x8
 *(.vector_18)
 .vector_18     0x9fc01440        0x8 /Applications/microchip/xc32/v1.33/bin/bin/../../lib/gcc/pic32mx/4.5.2/../../../../pic32mx/lib/libpic32.a(vector18.o)
                0x9fc01440                __vector_dispatch_18
                0x00000001                ASSERT (((_vector_spacing == 0x0) || (SIZEOF (.vector_18) <= (_vector_spacing << 0x5))), function at exception vector 18 too large)

.vector_19      0x9fc01460        0x8
 *(.vector_19)
 .vector_19     0x9fc01460        0x8 /Applications/microchip/xc32/v1.33/bin/bin/../../lib/gcc/pic32mx/4.5.2/../../../../pic32mx/lib/libpic32.a(vector19.o)
                0x9fc01460                __vector_dispatch_19
                0x00000001                ASSERT (((_vector_spacing == 0x0) || (SIZEOF (.vector_19) <= (_vector_spacing << 0x5))), function at exception vector 19 too large)

.vector_20      0x9fc01480        0x8
 *(.vector_20)
 .vector_20     0x9fc01480        0x8 build/default/production/source/Interrupts.o
                0x9fc01480                __vector_dispatch_20
                0x00000001                ASSERT (((_vector_spacing == 0x0) || (SIZEOF (.vector_20) <= (_vector_spacing << 0x5))), function at exception vector 20 too large)

.vector_21      0x9fc014a0        0x8
 *(.vector_21)
 .vector_21     0x9fc014a0        0x8 build/default/production/source/Interrupts.o
                0x9fc014a0                __vector_dispatch_21
                0x00000001                ASSERT (((_vector_spacing == 0x0) || (SIZEOF (.vector_21) <= (_vector_spacing << 0x5))), function at exception vector 21 too large)

.vector_22      0x9fc014c0        0x8
 *(.vector_22)
 .vector_22     0x9fc014c0        0x8 /Applications/microchip/xc32/v1.33/bin/bin/../../lib/gcc/pic32mx/4.5.2/../../../../pic32mx/lib/libpic32.a(vector22.o)
                0x9fc014c0                __vector_dispatch_22
                0x00000001                ASSERT (((_vector_spacing == 0x0) || (SIZEOF (.vector_22) <= (_vector_spacing << 0x5))), function at exception vector 22 too large)

.vector_23      0x9fc014e0        0x8
 *(.vector_23)
 .vector_23     0x9fc014e0        0x8 /Applications/microchip/xc32/v1.33/bin/bin/../../lib/gcc/pic32mx/4.5.2/../../../../pic32mx/lib/libpic32.a(vector23.o)
                0x9fc014e0                __vector_dispatch_23
                0x00000001                ASSERT (((_vector_spacing == 0x0) || (SIZEOF (.vector_23) <= (_vector_spacing << 0x5))), function at exception vector 23 too large)

.vector_24      0x9fc01500        0x8
 *(.vector_24)
 .vector_24     0x9fc01500        0x8 /Applications/microchip/xc32/v1.33/bin/bin/../../lib/gcc/pic32mx/4.5.2/../../../../pic32mx/lib/libpic32.a(vector24.o)
                0x9fc01500                __vector_dispatch_24
                0x00000001                ASSERT (((_vector_spacing == 0x0) || (SIZEOF (.vector_24) <= (_vector_spacing << 0x5))), function at exception vector 24 too large)

.vector_25      0x9fc01520        0x8
 *(.vector_25)
 .vector_25     0x9fc01520        0x8 /Applications/microchip/xc32/v1.33/bin/bin/../../lib/gcc/pic32mx/4.5.2/../../../../pic32mx/lib/libpic32.a(vector25.o)
                0x9fc01520                __vector_dispatch_25
                0x00000001                ASSERT (((_vector_spacing == 0x0) || (SIZEOF (.vector_25) <= (_vector_spacing << 0x5))), function at exception vector 25 too large)

.vector_26      0x9fc01540        0x8
 *(.vector_26)
 .vector_26     0x9fc01540        0x8 /Applications/microchip/xc32/v1.33/bin/bin/../../lib/gcc/pic32mx/4.5.2/../../../../pic32mx/lib/libpic32.a(vector26.o)
                0x9fc01540                __vector_dispatch_26
                0x00000001                ASSERT (((_vector_spacing == 0x0) || (SIZEOF (.vector_26) <= (_vector_spacing << 0x5))), function at exception vector 26 too large)

.vector_27      0x9fc01560        0x8
 *(.vector_27)
 .vector_27     0x9fc01560        0x8 build/default/production/source/Interrupts.o
                0x9fc01560                __vector_dispatch_27
                0x00000001                ASSERT (((_vector_spacing == 0x0) || (SIZEOF (.vector_27) <= (_vector_spacing << 0x5))), function at exception vector 27 too large)

.vector_28      0x9fc01580        0x8
 *(.vector_28)
 .vector_28     0x9fc01580        0x8 /Applications/microchip/xc32/v1.33/bin/bin/../../lib/gcc/pic32mx/4.5.2/../../../../pic32mx/lib/libpic32.a(vector28.o)
                0x9fc01580                __vector_dispatch_28
                0x00000001                ASSERT (((_vector_spacing == 0x0) || (SIZEOF (.vector_28) <= (_vector_spacing << 0x5))), function at exception vector 28 too large)

.vector_29      0x9fc015a0        0x8
 *(.vector_29)
 .vector_29     0x9fc015a0        0x8 /Applications/microchip/xc32/v1.33/bin/bin/../../lib/gcc/pic32mx/4.5.2/../../../../pic32mx/lib/libpic32.a(vector29.o)
                0x9fc015a0                __vector_dispatch_29
                0x00000001                ASSERT (((_vector_spacing == 0x0) || (SIZEOF (.vector_29) <= (_vector_spacing << 0x5))), function at exception vector 29 too large)

.vector_30      0x9fc015c0        0x8
 *(.vector_30)
 .vector_30     0x9fc015c0        0x8 /Applications/microchip/xc32/v1.33/bin/bin/../../lib/gcc/pic32mx/4.5.2/../../../../pic32mx/lib/libpic32.a(vector30.o)
                0x9fc015c0                __vector_dispatch_30
                0x00000001                ASSERT (((_vector_spacing == 0x0) || (SIZEOF (.vector_30) <= (_vector_spacing << 0x5))), function at exception vector 30 too large)

.vector_31      0x9fc015e0        0x8
 *(.vector_31)
 .vector_31     0x9fc015e0        0x8 /Applications/microchip/xc32/v1.33/bin/bin/../../lib/gcc/pic32mx/4.5.2/../../../../pic32mx/lib/libpic32.a(vector31.o)
                0x9fc015e0                __vector_dispatch_31
                0x00000001                ASSERT (((_vector_spacing == 0x0) || (SIZEOF (.vector_31) <= (_vector_spacing << 0x5))), function at exception vector 31 too large)

.vector_32      0x9fc01600        0x8
 *(.vector_32)
 .vector_32     0x9fc01600        0x8 /Applications/microchip/xc32/v1.33/bin/bin/../../lib/gcc/pic32mx/4.5.2/../../../../pic32mx/lib/libpic32.a(vector32.o)
                0x9fc01600                __vector_dispatch_32
                0x00000001                ASSERT (((_vector_spacing == 0x0) || (SIZEOF (.vector_32) <= (_vector_spacing << 0x5))), function at exception vector 32 too large)

.vector_33      0x9fc01620        0x8
 *(.vector_33)
 .vector_33     0x9fc01620        0x8 /Applications/microchip/xc32/v1.33/bin/bin/../../lib/gcc/pic32mx/4.5.2/../../../../pic32mx/lib/libpic32.a(vector33.o)
                0x9fc01620                __vector_dispatch_33
                0x00000001                ASSERT (((_vector_spacing == 0x0) || (SIZEOF (.vector_33) <= (_vector_spacing << 0x5))), function at exception vector 33 too large)

.vector_34      0x9fc01640        0x8
 *(.vector_34)
 .vector_34     0x9fc01640        0x8 /Applications/microchip/xc32/v1.33/bin/bin/../../lib/gcc/pic32mx/4.5.2/../../../../pic32mx/lib/libpic32.a(vector34.o)
                0x9fc01640                __vector_dispatch_34
                0x00000001                ASSERT (((_vector_spacing == 0x0) || (SIZEOF (.vector_34) <= (_vector_spacing << 0x5))), function at exception vector 34 too large)

.vector_35      0x9fc01660        0x8
 *(.vector_35)
 .vector_35     0x9fc01660        0x8 /Applications/microchip/xc32/v1.33/bin/bin/../../lib/gcc/pic32mx/4.5.2/../../../../pic32mx/lib/libpic32.a(vector35.o)
                0x9fc01660                __vector_dispatch_35
                0x00000001                ASSERT (((_vector_spacing == 0x0) || (SIZEOF (.vector_35) <= (_vector_spacing << 0x5))), function at exception vector 35 too large)

.vector_36      0x9fc01680        0x8
 *(.vector_36)
 .vector_36     0x9fc01680        0x8 /Applications/microchip/xc32/v1.33/bin/bin/../../lib/gcc/pic32mx/4.5.2/../../../../pic32mx/lib/libpic32.a(vector36.o)
                0x9fc01680                __vector_dispatch_36
                0x00000001                ASSERT (((_vector_spacing == 0x0) || (SIZEOF (.vector_36) <= (_vector_spacing << 0x5))), function at exception vector 36 too large)

.vector_37      0x9fc016a0        0x8
 *(.vector_37)
 .vector_37     0x9fc016a0        0x8 /Applications/microchip/xc32/v1.33/bin/bin/../../lib/gcc/pic32mx/4.5.2/../../../../pic32mx/lib/libpic32.a(vector37.o)
                0x9fc016a0                __vector_dispatch_37
                0x00000001                ASSERT (((_vector_spacing == 0x0) || (SIZEOF (.vector_37) <= (_vector_spacing << 0x5))), function at exception vector 37 too large)

.vector_38      0x9fc016c0        0x8
 *(.vector_38)
 .vector_38     0x9fc016c0        0x8 /Applications/microchip/xc32/v1.33/bin/bin/../../lib/gcc/pic32mx/4.5.2/../../../../pic32mx/lib/libpic32.a(vector38.o)
                0x9fc016c0                __vector_dispatch_38
                0x00000001                ASSERT (((_vector_spacing == 0x0) || (SIZEOF (.vector_38) <= (_vector_spacing << 0x5))), function at exception vector 38 too large)

.vector_39      0x9fc016e0        0x8
 *(.vector_39)
 .vector_39     0x9fc016e0        0x8 /Applications/microchip/xc32/v1.33/bin/bin/../../lib/gcc/pic32mx/4.5.2/../../../../pic32mx/lib/libpic32.a(vector39.o)
                0x9fc016e0                __vector_dispatch_39
                0x00000001                ASSERT (((_vector_spacing == 0x0) || (SIZEOF (.vector_39) <= (_vector_spacing << 0x5))), function at exception vector 39 too large)

.vector_40      0x9fc01700        0x8
 *(.vector_40)
 .vector_40     0x9fc01700        0x8 /Applications/microchip/xc32/v1.33/bin/bin/../../lib/gcc/pic32mx/4.5.2/../../../../pic32mx/lib/libpic32.a(vector40.o)
                0x9fc01700                __vector_dispatch_40
                0x00000001                ASSERT (((_vector_spacing == 0x0) || (SIZEOF (.vector_40) <= (_vector_spacing << 0x5))), function at exception vector 40 too large)

.vector_41      0x9fc01720        0x8
 *(.vector_41)
 .vector_41     0x9fc01720        0x8 /Applications/microchip/xc32/v1.33/bin/bin/../../lib/gcc/pic32mx/4.5.2/../../../../pic32mx/lib/libpic32.a(vector41.o)
                0x9fc01720                __vector_dispatch_41
                0x00000001                ASSERT (((_vector_spacing == 0x0) || (SIZEOF (.vector_41) <= (_vector_spacing << 0x5))), function at exception vector 41 too large)

.vector_42      0x9fc01740        0x8
 *(.vector_42)
 .vector_42     0x9fc01740        0x8 /Applications/microchip/xc32/v1.33/bin/bin/../../lib/gcc/pic32mx/4.5.2/../../../../pic32mx/lib/libpic32.a(vector42.o)
                0x9fc01740                __vector_dispatch_42
                0x00000001                ASSERT (((_vector_spacing == 0x0) || (SIZEOF (.vector_42) <= (_vector_spacing << 0x5))), function at exception vector 42 too large)

.vector_43      0x9fc01760        0x8
 *(.vector_43)
 .vector_43     0x9fc01760        0x8 /Applications/microchip/xc32/v1.33/bin/bin/../../lib/gcc/pic32mx/4.5.2/../../../../pic32mx/lib/libpic32.a(vector43.o)
                0x9fc01760                __vector_dispatch_43
                0x00000001                ASSERT (((_vector_spacing == 0x0) || (SIZEOF (.vector_43) <= (_vector_spacing << 0x5))), function at exception vector 43 too large)

.vector_44      0x9fc01780        0x8
 *(.vector_44)
 .vector_44     0x9fc01780        0x8 /Applications/microchip/xc32/v1.33/bin/bin/../../lib/gcc/pic32mx/4.5.2/../../../../pic32mx/lib/libpic32.a(vector44.o)
                0x9fc01780                __vector_dispatch_44
                0x00000001                ASSERT (((_vector_spacing == 0x0) || (SIZEOF (.vector_44) <= (_vector_spacing << 0x5))), function at exception vector 44 too large)

.vector_45      0x9fc017a0        0x8
 *(.vector_45)
 .vector_45     0x9fc017a0        0x8 /Applications/microchip/xc32/v1.33/bin/bin/../../lib/gcc/pic32mx/4.5.2/../../../../pic32mx/lib/libpic32.a(vector45.o)
                0x9fc017a0                __vector_dispatch_45
                0x00000001                ASSERT (((_vector_spacing == 0x0) || (SIZEOF (.vector_45) <= (_vector_spacing << 0x5))), function at exception vector 45 too large)

.vector_46      0x9fc017c0        0x8
 *(.vector_46)
 .vector_46     0x9fc017c0        0x8 build/default/production/source/Interrupts.o
                0x9fc017c0                __vector_dispatch_46
                0x00000001                ASSERT (((_vector_spacing == 0x0) || (SIZEOF (.vector_46) <= (_vector_spacing << 0x5))), function at exception vector 46 too large)

.vector_47      0x9fc017e0        0x8
 *(.vector_47)
 .vector_47     0x9fc017e0        0x8 /Applications/microchip/xc32/v1.33/bin/bin/../../lib/gcc/pic32mx/4.5.2/../../../../pic32mx/lib/libpic32.a(vector47.o)
                0x9fc017e0                __vector_dispatch_47
                0x00000001                ASSERT (((_vector_spacing == 0x0) || (SIZEOF (.vector_47) <= (_vector_spacing << 0x5))), function at exception vector 47 too large)

.vector_48      0x9fc01800        0x8
 *(.vector_48)
 .vector_48     0x9fc01800        0x8 /Applications/microchip/xc32/v1.33/bin/bin/../../lib/gcc/pic32mx/4.5.2/../../../../pic32mx/lib/libpic32.a(vector48.o)
                0x9fc01800                __vector_dispatch_48
                0x00000001                ASSERT (((_vector_spacing == 0x0) || (SIZEOF (.vector_48) <= (_vector_spacing << 0x5))), function at exception vector 48 too large)

.vector_49      0x9fc01820        0x8
 *(.vector_49)
 .vector_49     0x9fc01820        0x8 /Applications/microchip/xc32/v1.33/bin/bin/../../lib/gcc/pic32mx/4.5.2/../../../../pic32mx/lib/libpic32.a(vector49.o)
                0x9fc01820                __vector_dispatch_49
                0x00000001                ASSERT (((_vector_spacing == 0x0) || (SIZEOF (.vector_49) <= (_vector_spacing << 0x5))), function at exception vector 49 too large)

.vector_50      0x9fc01840        0x8
 *(.vector_50)
 .vector_50     0x9fc01840        0x8 build/default/production/source/Interrupts.o
                0x9fc01840                __vector_dispatch_50
                0x00000001                ASSERT (((_vector_spacing == 0x0) || (SIZEOF (.vector_50) <= (_vector_spacing << 0x5))), function at exception vector 50 too large)

.vector_51      0x9fc01860        0x8
 *(.vector_51)
 .vector_51     0x9fc01860        0x8 /Applications/microchip/xc32/v1.33/bin/bin/../../lib/gcc/pic32mx/4.5.2/../../../../pic32mx/lib/libpic32.a(vector51.o)
                0x9fc01860                __vector_dispatch_51
                0x00000001                ASSERT (((_vector_spacing == 0x0) || (SIZEOF (.vector_51) <= (_vector_spacing << 0x5))), function at exception vector 51 too large)

.vector_52      0x9fc01880        0x8
 *(.vector_52)
 .vector_52     0x9fc01880        0x8 /Applications/microchip/xc32/v1.33/bin/bin/../../lib/gcc/pic32mx/4.5.2/../../../../pic32mx/lib/libpic32.a(vector52.o)
                0x9fc01880                __vector_dispatch_52
                0x00000001                ASSERT (((_vector_spacing == 0x0) || (SIZEOF (.vector_52) <= (_vector_spacing << 0x5))), function at exception vector 52 too large)

.vector_53      0x9fc018a0        0x8
 *(.vector_53)
 .vector_53     0x9fc018a0        0x8 /Applications/microchip/xc32/v1.33/bin/bin/../../lib/gcc/pic32mx/4.5.2/../../../../pic32mx/lib/libpic32.a(vector53.o)
                0x9fc018a0                __vector_dispatch_53
                0x00000001                ASSERT (((_vector_spacing == 0x0) || (SIZEOF (.vector_53) <= (_vector_spacing << 0x5))), function at exception vector 53 too large)

.vector_54      0x9fc018c0        0x8
 *(.vector_54)
 .vector_54     0x9fc018c0        0x8 /Applications/microchip/xc32/v1.33/bin/bin/../../lib/gcc/pic32mx/4.5.2/../../../../pic32mx/lib/libpic32.a(vector54.o)
                0x9fc018c0                __vector_dispatch_54
                0x00000001                ASSERT (((_vector_spacing == 0x0) || (SIZEOF (.vector_54) <= (_vector_spacing << 0x5))), function at exception vector 54 too large)

.vector_55      0x9fc018e0        0x8
 *(.vector_55)
 .vector_55     0x9fc018e0        0x8 /Applications/microchip/xc32/v1.33/bin/bin/../../lib/gcc/pic32mx/4.5.2/../../../../pic32mx/lib/libpic32.a(vector55.o)
                0x9fc018e0                __vector_dispatch_55
                0x00000001                ASSERT (((_vector_spacing == 0x0) || (SIZEOF (.vector_55) <= (_vector_spacing << 0x5))), function at exception vector 55 too large)

.vector_56      0x9fc01900        0x8
 *(.vector_56)
 .vector_56     0x9fc01900        0x8 /Applications/microchip/xc32/v1.33/bin/bin/../../lib/gcc/pic32mx/4.5.2/../../../../pic32mx/lib/libpic32.a(vector56.o)
                0x9fc01900                __vector_dispatch_56
                0x00000001                ASSERT (((_vector_spacing == 0x0) || (SIZEOF (.vector_56) <= (_vector_spacing << 0x5))), function at exception vector 56 too large)

.vector_57      0x9fc01920        0x8
 *(.vector_57)
 .vector_57     0x9fc01920        0x8 /Applications/microchip/xc32/v1.33/bin/bin/../../lib/gcc/pic32mx/4.5.2/../../../../pic32mx/lib/libpic32.a(vector57.o)
                0x9fc01920                __vector_dispatch_57
                0x00000001                ASSERT (((_vector_spacing == 0x0) || (SIZEOF (.vector_57) <= (_vector_spacing << 0x5))), function at exception vector 57 too large)

.vector_58      0x9fc01940        0x8
 *(.vector_58)
 .vector_58     0x9fc01940        0x8 /Applications/microchip/xc32/v1.33/bin/bin/../../lib/gcc/pic32mx/4.5.2/../../../../pic32mx/lib/libpic32.a(vector58.o)
                0x9fc01940                __vector_dispatch_58
                0x00000001                ASSERT (((_vector_spacing == 0x0) || (SIZEOF (.vector_58) <= (_vector_spacing << 0x5))), function at exception vector 58 too large)

.vector_59      0x9fc01960        0x8
 *(.vector_59)
 .vector_59     0x9fc01960        0x8 /Applications/microchip/xc32/v1.33/bin/bin/../../lib/gcc/pic32mx/4.5.2/../../../../pic32mx/lib/libpic32.a(vector59.o)
                0x9fc01960                __vector_dispatch_59
                0x00000001                ASSERT (((_vector_spacing == 0x0) || (SIZEOF (.vector_59) <= (_vector_spacing << 0x5))), function at exception vector 59 too large)

.vector_60      0x9fc01980        0x8
 *(.vector_60)
 .vector_60     0x9fc01980        0x8 /Applications/microchip/xc32/v1.33/bin/bin/../../lib/gcc/pic32mx/4.5.2/../../../../pic32mx/lib/libpic32.a(vector60.o)
                0x9fc01980                __vector_dispatch_60
                0x00000001                ASSERT (((_vector_spacing == 0x0) || (SIZEOF (.vector_60) <= (_vector_spacing << 0x5))), function at exception vector 60 too large)

.vector_61      0x9fc019a0        0x8
 *(.vector_61)
 .vector_61     0x9fc019a0        0x8 /Applications/microchip/xc32/v1.33/bin/bin/../../lib/gcc/pic32mx/4.5.2/../../../../pic32mx/lib/libpic32.a(vector61.o)
                0x9fc019a0                __vector_dispatch_61
                0x00000001                ASSERT (((_vector_spacing == 0x0) || (SIZEOF (.vector_61) <= (_vector_spacing << 0x5))), function at exception vector 61 too large)

.vector_62      0x9fc019c0        0x8
 *(.vector_62)
 .vector_62     0x9fc019c0        0x8 /Applications/microchip/xc32/v1.33/bin/bin/../../lib/gcc/pic32mx/4.5.2/../../../../pic32mx/lib/libpic32.a(vector62.o)
                0x9fc019c0                __vector_dispatch_62
                0x00000001                ASSERT (((_vector_spacing == 0x0) || (SIZEOF (.vector_62) <= (_vector_spacing << 0x5))), function at exception vector 62 too large)

.vector_63      0x9fc019e0        0x8
 *(.vector_63)
 .vector_63     0x9fc019e0        0x8 /Applications/microchip/xc32/v1.33/bin/bin/../../lib/gcc/pic32mx/4.5.2/../../../../pic32mx/lib/libpic32.a(vector63.o)
                0x9fc019e0                __vector_dispatch_63
                0x00000001                ASSERT (((_vector_spacing == 0x0) || (SIZEOF (.vector_63) <= (_vector_spacing << 0x5))), function at exception vector 63 too large)

.startup
 *(.startup)

.text           0x9d000000        0x0
 *(.stub .gnu.linkonce.t.*)
 *(.text.*personality*)
 *(.mips16.fn.*)
 *(.mips16.call.*)
 *(.gnu.warning)
                0x9d000000                . = ALIGN (0x4)

.init           0x9d000000        0x0
 *crti.o(.init)
 *crtbegin.o(.init)
 *(EXCLUDE_FILE(*crtn.o *crtend?.o *crtend.o) .init)
 *crtend.o(.init)
 *crtn.o(.init)
                0x9d000000                . = ALIGN (0x4)

.fini           0x9d000000        0x0
 *(.fini)
                0x9d000000                . = ALIGN (0x4)

.preinit_array  0x9d000000        0x0
                0x9d000000                PROVIDE (__preinit_array_start, .)
 *(.preinit_array)
                0x9d000000                PROVIDE (__preinit_array_end, .)
                0x9d000000                . = ALIGN (0x4)

.init_array     0x9d000000        0x0
                0x9d000000                PROVIDE (__init_array_start, .)
 *(SORT(.init_array.*))
 *(.init_array)
                0x9d000000                PROVIDE (__init_array_end, .)
                0x9d000000                . = ALIGN (0x4)

.fini_array     0x9d000000        0x0
                0x9d000000                PROVIDE (__fini_array_start, .)
 *(SORT(.fini_array.*))
 *(.fini_array)
                0x9d000000                PROVIDE (__fini_array_end, .)
                0x9d000000                . = ALIGN (0x4)

.ctors          0x9d000000        0x0
 *crtbegin.o(.ctors)
 *crtbegin?.o(.ctors)
 *(EXCLUDE_FILE(*crtend?.o *crtend.o) .ctors)
 *(SORT(.ctors.*))
 *(.ctors)
                0x9d000000                . = ALIGN (0x4)

.dtors          0x9d000000        0x0
 *crtbegin.o(.dtors)
 *crtbegin?.o(.dtors)
 *(EXCLUDE_FILE(*crtend?.o *crtend.o) .dtors)
 *(SORT(.dtors.*))
 *(.dtors)
                0x9d000000                . = ALIGN (0x4)

.rodata         0x9d000000        0x0
 *(.gnu.linkonce.r.*)
 *(.rodata1)
                0x9d000000                . = ALIGN (0x4)

.sdata2         0x9fc00490        0x0
 *(.sdata2 .sdata2.* .gnu.linkonce.s2.*)
                0x9fc00490                . = ALIGN (0x4)

.sbss2          0x9fc00490        0x0
 *(.sbss2 .sbss2.* .gnu.linkonce.sb2.*)
                0x9fc00490                . = ALIGN (0x4)

.eh_frame_hdr
 *(.eh_frame_hdr)
                0x9fc00490                . = ALIGN (0x4)

.eh_frame
 *(.eh_frame)
                0x9fc00490                . = ALIGN (0x4)

.gcc_except_table
 *(.gcc_except_table .gcc_except_table.*)
                0x9fc00490                . = ALIGN (0x4)

.dbg_data       0xa0000000        0x0
                0xa0000000                . = (. + DEFINED (_DEBUGGER)?0x200:0x0)

.jcr            0xa0000000        0x0
 *(.jcr)
                0xa0000000                . = ALIGN (0x4)

.eh_frame       0xa0000000       0x20
 *(.eh_frame)
 .eh_frame      0xa0000000       0x20 /Applications/microchip/xc32/v1.33/bin/bin/../../lib/gcc/pic32mx/4.5.2/libgcc.a(_divdi3.o)
                0xa0000020                . = ALIGN (0x4)

.gcc_except_table
 *(.gcc_except_table .gcc_except_table.*)
                0xa0000020                . = ALIGN (0x4)

.persist        0xa0000020        0x0
                0xa0000020                _persist_begin = .
 *(.persist .persist.*)
 *(.pbss .pbss.*)
                0xa0000020                . = ALIGN (0x4)
                0xa0000020                _persist_end = .

.data           0xa0000020        0x0
 *(.gnu.linkonce.d.*)
 *(.data1)
                0xa0000020                . = ALIGN (0x4)
                0xa0000020                . = .
                0xa0008010                _gp = (ALIGN (0x10) + 0x7ff0)

.got            0xa0000020        0x0
 *(.got.plt)
 *(.got)
                0xa0000020                . = ALIGN (0x4)

.sdata          0xa0000020       0x1c
                0xa0000020                _sdata_begin = .
 *(.sdata .sdata.* .gnu.linkonce.s.*)
 .sdata         0xa0000020        0xc build/default/production/source/main.o
                0xa0000020                buttons
                0xa0000024                oFanIsOn
 .sdata         0xa000002c        0x8 ../../ChinookLib/ChinookLib.X/dist/default/production/ChinookLib.X.a(ChinookSkadi.o)
                0xa000002c                skadiInternalCommandTable
 .sdata         0xa0000034        0x8 /Applications/microchip/xc32/v1.33/bin/bin/../../lib/gcc/pic32mx/4.5.2/../../../../pic32mx/lib/libmchp_peripheral_32MX795F512H.a(CANConfiguration.o)
                0xa0000034                canModules
                0xa000003c                . = ALIGN (0x4)
                0xa000003c                _sdata_end = .

.lit8
 *(.lit8)

.lit4
 *(.lit4)
                0xa000003c                . = ALIGN (0x4)
                0xa000003c                _data_end = .
                0xa000003c                _bss_begin = .

.sbss           0xa000003c       0xc0
                0xa000003c                _sbss_begin = .
 *(.dynsbss)
 *(.sbss .sbss.* .gnu.linkonce.sb.*)
 .sbss          0xa000003c        0xc build/default/production/source/main.o
                0xa000003c                i
                0xa0000040                n
                0xa0000044                ledStates
 .sbss          0xa0000048       0x10 build/default/production/source/StateMachine.o
                0xa0000048                firstRun
 .sbss          0xa0000058        0x4 build/default/production/source/Interrupts.o
                0xa0000058                oTimer1
 .sbss          0xa000005c        0x1 build/default/production/source/dual_driver_vnh5019.o
 *fill*         0xa000005d        0x3 
 .sbss          0xa0000060        0xc ../../ChinookLib/ChinookLib.X/dist/default/production/ChinookLib.X.a(ChinookCan.o)
 .sbss          0xa000006c       0x10 /Applications/microchip/xc32/v1.33/bin/bin/../../lib/gcc/pic32mx/4.5.2/../../../../pic32mx/lib/libc.a(malloc.o)
                0xa000006c                __allocp
                0xa0000070                __alloct
                0xa0000074                __allocx
 .sbss          0xa000007c        0x8 /Applications/microchip/xc32/v1.33/bin/bin/../../lib/gcc/pic32mx/4.5.2/../../../../pic32mx/lib/libpic32.a(sbrk.o)
                0xa000007c                _minbrk
                0xa0000080                _maxbrk
 .sbss          0xa0000084        0x4 /Applications/microchip/xc32/v1.33/bin/bin/../../lib/gcc/pic32mx/4.5.2/../../../../pic32mx/lib/libpic32.a(errno.o)
                0xa0000084                errno
 *(.scommon)
 .scommon       0xa0000088       0x74 build/default/production/source/main.o
                0xa0000088                oCmdUpPitch
                0xa000008c                oCmdDownPitch
                0xa0000090                turbineValue
                0xa0000094                oMotorStop
                0xa0000098                oSendIdPitch
                0xa000009c                target_pitch
                0xa00000a0                oFlagStep
                0xa00000a4                pitchValue
                0xa00000a8                pStatePitch
                0xa00000ac                drapeau_pitch
                0xa00000b0                oCmdUpGear
                0xa00000b4                oCmdBrake
                0xa00000b8                oCmdDownGear
                0xa00000bc                oTimerGearOverflowed
                0xa00000c0                errorFlag
                0xa00000c1                breakFlag
                0xa00000c4                oMaintainPitch
                0xa00000c8                oAdcReady
                0xa00000cc                oCmdCalib
                0xa00000d0                oPitchMode
                0xa00000d4                oFlagAcq
                0xa00000d8                current_pitch
                0xa00000dc                bROPS
                0xa00000e0                oPitchDone
                0xa00000e4                rops_steps
                0xa00000e8                oSendIdGear
                0xa00000ec                setPitch
                0xa00000f0                oSendPitchValue
                0xa00000f4                oAdc
                0xa00000f8                pState
 .scommon       0xa00000fc        0x0 build/default/production/source/StateMachine.o
 .scommon       0xa00000fc        0x0 build/default/production/source/Interrupts.o
 .scommon       0xa00000fc        0x0 build/default/production/source/Setup.o
 .scommon       0xa00000fc        0x0 build/default/production/source/dual_driver_vnh5019.o
                0xa00000fc                _sbss_end = .
                0xa00000fc                . = ALIGN (0x4)

.bss            0xa00000fc     0x8cb0
 *(.dynbss)
 *(COMMON)
 COMMON         0xa00000fc     0x8ca4 build/default/production/source/main.o
                0xa00000fc                Chinook
                0xa0008ca0                Can1MessageFifoArea
 COMMON         0xa0008da0        0xc ../../ChinookLib/ChinookLib.X/dist/default/production/ChinookLib.X.a(ChinookSkadi.o)
                0xa0008da0                skadi
                0xa0008dac                . = ALIGN ((. != 0x0)?0x4:0x1)
                0xa0008dac                . = ALIGN (0x4)
                0xa0008dac                _end = .
                0xa0008dac                _bss_end = .
                0x00020000                _bmxdudba_address = 0x20000
                0x00020000                _bmxdupba_address = 0x20000

/DISCARD/
 *(.pdr)
 *(.rel.dyn)
 *(.note.GNU-stack)
 *(.note.GNU-stack)
 *(.gnu_debuglink)
 *(.gnu.lto_*)
 *(.discard)

.gptab.sdata
 *(.gptab.data)
 *(.gptab.sdata)

.gptab.sbss
 *(.gptab.bss)
 *(.gptab.sbss)

.mdebug.abi32   0xa0008dac        0x0
 *(.mdebug.abi32)
 .mdebug.abi32  0xa0008dac        0x0 build/default/production/source/main.o
 .mdebug.abi32  0xa0008dac        0x0 build/default/production/source/StateMachine.o
 .mdebug.abi32  0xa0008dac        0x0 build/default/production/source/Interrupts.o
 .mdebug.abi32  0xa0008dac        0x0 build/default/production/source/Setup.o
 .mdebug.abi32  0xa0008dac        0x0 build/default/production/source/dual_driver_vnh5019.o
 .mdebug.abi32  0xa0008dac        0x0 ../../ChinookLib/ChinookLib.X/dist/default/production/ChinookLib.X.a(ChinookPorts.o)
 .mdebug.abi32  0xa0008dac        0x0 ../../ChinookLib/ChinookLib.X/dist/default/production/ChinookLib.X.a(ChinookPwm.o)
 .mdebug.abi32  0xa0008dac        0x0 ../../ChinookLib/ChinookLib.X/dist/default/production/ChinookLib.X.a(ChinookTimer.o)
 .mdebug.abi32  0xa0008dac        0x0 ../../ChinookLib/ChinookLib.X/dist/default/production/ChinookLib.X.a(ChinookUart.o)
 .mdebug.abi32  0xa0008dac        0x0 ../../ChinookLib/ChinookLib.X/dist/default/production/ChinookLib.X.a(ChinookSpi.o)
 .mdebug.abi32  0xa0008dac        0x0 ../../ChinookLib/ChinookLib.X/dist/default/production/ChinookLib.X.a(ChinookAdc.o)
 .mdebug.abi32  0xa0008dac        0x0 ../../ChinookLib/ChinookLib.X/dist/default/production/ChinookLib.X.a(ChinookInputCapture.o)
 .mdebug.abi32  0xa0008dac        0x0 ../../ChinookLib/ChinookLib.X/dist/default/production/ChinookLib.X.a(ChinookWdt.o)
 .mdebug.abi32  0xa0008dac        0x0 ../../ChinookLib/ChinookLib.X/dist/default/production/ChinookLib.X.a(ChinookSkadi.o)
 .mdebug.abi32  0xa0008dac        0x0 ../../ChinookLib/ChinookLib.X/dist/default/production/ChinookLib.X.a(ChinookCan.o)
 .mdebug.abi32  0xa0008dac        0x0 ../../ChinookLib/ChinookLib.X/dist/default/production/ChinookLib.X.a(ChinookI2c.o)
 .mdebug.abi32  0xa0008dac        0x0 /Applications/microchip/xc32/v1.33/bin/bin/../../lib/gcc/pic32mx/4.5.2/../../../../pic32mx/lib/libmchp_peripheral.a(open_core_timer_lib.o)
 .mdebug.abi32  0xa0008dac        0x0 /Applications/microchip/xc32/v1.33/bin/bin/../../lib/gcc/pic32mx/4.5.2/../../../../pic32mx/lib/libmchp_peripheral.a(read_core_timer_lib.o)
 .mdebug.abi32  0xa0008dac        0x0 /Applications/microchip/xc32/v1.33/bin/bin/../../lib/gcc/pic32mx/4.5.2/../../../../pic32mx/lib/libmchp_peripheral.a(write_core_timer_lib.o)
 .mdebug.abi32  0xa0008dac        0x0 /Applications/microchip/xc32/v1.33/bin/bin/../../lib/gcc/pic32mx/4.5.2/../../../../pic32mx/lib/libmchp_peripheral_32MX795F512H.a(CANConfiguration.o)
 .mdebug.abi32  0xa0008dac        0x0 /Applications/microchip/xc32/v1.33/bin/bin/../../lib/gcc/pic32mx/4.5.2/../../../../pic32mx/lib/libmchp_peripheral_32MX795F512H.a(CANEventFunctions.o)
 .mdebug.abi32  0xa0008dac        0x0 /Applications/microchip/xc32/v1.33/bin/bin/../../lib/gcc/pic32mx/4.5.2/../../../../pic32mx/lib/libmchp_peripheral_32MX795F512H.a(CANFilterFunctions.o)
 .mdebug.abi32  0xa0008dac        0x0 /Applications/microchip/xc32/v1.33/bin/bin/../../lib/gcc/pic32mx/4.5.2/../../../../pic32mx/lib/libmchp_peripheral_32MX795F512H.a(CANReceiveFunctions.o)
 .mdebug.abi32  0xa0008dac        0x0 /Applications/microchip/xc32/v1.33/bin/bin/../../lib/gcc/pic32mx/4.5.2/../../../../pic32mx/lib/libmchp_peripheral_32MX795F512H.a(CANTransmitFunctions.o)
 .mdebug.abi32  0xa0008dac        0x0 /Applications/microchip/xc32/v1.33/bin/bin/../../lib/gcc/pic32mx/4.5.2/../../../../pic32mx/lib/libmchp_peripheral_32MX795F512H.a(pcache.o)
 .mdebug.abi32  0xa0008dac        0x0 /Applications/microchip/xc32/v1.33/bin/bin/../../lib/gcc/pic32mx/4.5.2/../../../../pic32mx/lib/libmchp_peripheral_32MX795F512H.a(int_configure_system_lib.o)
 .mdebug.abi32  0xa0008dac        0x0 /Applications/microchip/xc32/v1.33/bin/bin/../../lib/gcc/pic32mx/4.5.2/../../../../pic32mx/lib/libmchp_peripheral_32MX795F512H.a(int_enable_interrupts_lib.o)
 .mdebug.abi32  0xa0008dac        0x0 /Applications/microchip/xc32/v1.33/bin/bin/../../lib/gcc/pic32mx/4.5.2/../../../../pic32mx/lib/libmchp_peripheral_32MX795F512H.a(int_disable_interrupts_lib.o)
 .mdebug.abi32  0xa0008dac        0x0 /Applications/microchip/xc32/v1.33/bin/bin/../../lib/gcc/pic32mx/4.5.2/../../../../pic32mx/lib/libmchp_peripheral_32MX795F512H.a(int_restore_interrupts_lib.o)
 .mdebug.abi32  0xa0008dac        0x0 /Applications/microchip/xc32/v1.33/bin/bin/../../lib/gcc/pic32mx/4.5.2/../../../../pic32mx/lib/libmchp_peripheral_32MX795F512H.a(int_tbl_lib.o)
 .mdebug.abi32  0xa0008dac        0x0 /Applications/microchip/xc32/v1.33/bin/bin/../../lib/gcc/pic32mx/4.5.2/../../../../pic32mx/lib/libmchp_peripheral_32MX795F512H.a(spi_chn_close_lib.o)
 .mdebug.abi32  0xa0008dac        0x0 /Applications/microchip/xc32/v1.33/bin/bin/../../lib/gcc/pic32mx/4.5.2/../../../../pic32mx/lib/libmchp_peripheral_32MX795F512H.a(spi_chn_getc_lib.o)
 .mdebug.abi32  0xa0008dac        0x0 /Applications/microchip/xc32/v1.33/bin/bin/../../lib/gcc/pic32mx/4.5.2/../../../../pic32mx/lib/libmchp_peripheral_32MX795F512H.a(spi_chn_open_lib.o)
 .mdebug.abi32  0xa0008dac        0x0 /Applications/microchip/xc32/v1.33/bin/bin/../../lib/gcc/pic32mx/4.5.2/../../../../pic32mx/lib/libmchp_peripheral_32MX795F512H.a(spi_chn_putc_lib.o)
 .mdebug.abi32  0xa0008dac        0x0 /Applications/microchip/xc32/v1.33/bin/bin/../../lib/gcc/pic32mx/4.5.2/../../../../pic32mx/lib/libmchp_peripheral_32MX795F512H.a(spi_chn_enable_lib.o)
 .mdebug.abi32  0xa0008dac        0x0 /Applications/microchip/xc32/v1.33/bin/bin/../../lib/gcc/pic32mx/4.5.2/../../../../pic32mx/lib/libmchp_peripheral_32MX795F512H.a(spi_chn_is_busy_lib.o)
 .mdebug.abi32  0xa0008dac        0x0 /Applications/microchip/xc32/v1.33/bin/bin/../../lib/gcc/pic32mx/4.5.2/../../../../pic32mx/lib/libmchp_peripheral_32MX795F512H.a(spi_io_tbl_libp.o)
 .mdebug.abi32  0xa0008dac        0x0 /Applications/microchip/xc32/v1.33/bin/bin/../../lib/gcc/pic32mx/4.5.2/../../../../pic32mx/lib/libmchp_peripheral_32MX795F512H.a(spi_map_tbl_libp.o)
 .mdebug.abi32  0xa0008dac        0x0 /Applications/microchip/xc32/v1.33/bin/bin/../../lib/gcc/pic32mx/4.5.2/../../../../pic32mx/lib/libmchp_peripheral_32MX795F512H.a(port_reset_pins_lib.o)
 .mdebug.abi32  0xa0008dac        0x0 /Applications/microchip/xc32/v1.33/bin/bin/../../lib/gcc/pic32mx/4.5.2/../../../../pic32mx/lib/libmchp_peripheral_32MX795F512H.a(port_set_pins_digital_in_lib.o)
 .mdebug.abi32  0xa0008dac        0x0 /Applications/microchip/xc32/v1.33/bin/bin/../../lib/gcc/pic32mx/4.5.2/../../../../pic32mx/lib/libmchp_peripheral_32MX795F512H.a(port_set_pins_digital_out_lib.o)
 .mdebug.abi32  0xa0008dac        0x0 /Applications/microchip/xc32/v1.33/bin/bin/../../lib/gcc/pic32mx/4.5.2/../../../../pic32mx/lib/libmchp_peripheral_32MX795F512H.a(port_read_bits_lib.o)
 .mdebug.abi32  0xa0008dac        0x0 /Applications/microchip/xc32/v1.33/bin/bin/../../lib/gcc/pic32mx/4.5.2/../../../../pic32mx/lib/libmchp_peripheral_32MX795F512H.a(port_read_lib.o)
 .mdebug.abi32  0xa0008dac        0x0 /Applications/microchip/xc32/v1.33/bin/bin/../../lib/gcc/pic32mx/4.5.2/../../../../pic32mx/lib/libmchp_peripheral_32MX795F512H.a(_ports_tbl_libp.o)
 .mdebug.abi32  0xa0008dac        0x0 /Applications/microchip/xc32/v1.33/bin/bin/../../lib/gcc/pic32mx/4.5.2/../../../../pic32mx/lib/libmchp_peripheral_32MX795F512H.a(uart_lib.o)
 .mdebug.abi32  0xa0008dac        0x0 /Applications/microchip/xc32/v1.33/bin/bin/../../lib/gcc/pic32mx/4.5.2/../../../../pic32mx/lib/libmchp_peripheral_32MX795F512H.a(I2CAcknowledgeByte.o)
 .mdebug.abi32  0xa0008dac        0x0 /Applications/microchip/xc32/v1.33/bin/bin/../../lib/gcc/pic32mx/4.5.2/../../../../pic32mx/lib/libmchp_peripheral_32MX795F512H.a(I2CAcknowledgeHasCompleted.o)
 .mdebug.abi32  0xa0008dac        0x0 /Applications/microchip/xc32/v1.33/bin/bin/../../lib/gcc/pic32mx/4.5.2/../../../../pic32mx/lib/libmchp_peripheral_32MX795F512H.a(I2CBusIsIdle.o)
 .mdebug.abi32  0xa0008dac        0x0 /Applications/microchip/xc32/v1.33/bin/bin/../../lib/gcc/pic32mx/4.5.2/../../../../pic32mx/lib/libmchp_peripheral_32MX795F512H.a(I2CByteWasAcknowledged.o)
 .mdebug.abi32  0xa0008dac        0x0 /Applications/microchip/xc32/v1.33/bin/bin/../../lib/gcc/pic32mx/4.5.2/../../../../pic32mx/lib/libmchp_peripheral_32MX795F512H.a(I2CEnable.o)
 .mdebug.abi32  0xa0008dac        0x0 /Applications/microchip/xc32/v1.33/bin/bin/../../lib/gcc/pic32mx/4.5.2/../../../../pic32mx/lib/libmchp_peripheral_32MX795F512H.a(I2CGetByte.o)
 .mdebug.abi32  0xa0008dac        0x0 /Applications/microchip/xc32/v1.33/bin/bin/../../lib/gcc/pic32mx/4.5.2/../../../../pic32mx/lib/libmchp_peripheral_32MX795F512H.a(I2CGetStatus.o)
 .mdebug.abi32  0xa0008dac        0x0 /Applications/microchip/xc32/v1.33/bin/bin/../../lib/gcc/pic32mx/4.5.2/../../../../pic32mx/lib/libmchp_peripheral_32MX795F512H.a(I2CReceivedDataIsAvailable.o)
 .mdebug.abi32  0xa0008dac        0x0 /Applications/microchip/xc32/v1.33/bin/bin/../../lib/gcc/pic32mx/4.5.2/../../../../pic32mx/lib/libmchp_peripheral_32MX795F512H.a(I2CReceiverEnable.o)
 .mdebug.abi32  0xa0008dac        0x0 /Applications/microchip/xc32/v1.33/bin/bin/../../lib/gcc/pic32mx/4.5.2/../../../../pic32mx/lib/libmchp_peripheral_32MX795F512H.a(I2CRepeatStart.o)
 .mdebug.abi32  0xa0008dac        0x0 /Applications/microchip/xc32/v1.33/bin/bin/../../lib/gcc/pic32mx/4.5.2/../../../../pic32mx/lib/libmchp_peripheral_32MX795F512H.a(I2CSendByte.o)
 .mdebug.abi32  0xa0008dac        0x0 /Applications/microchip/xc32/v1.33/bin/bin/../../lib/gcc/pic32mx/4.5.2/../../../../pic32mx/lib/libmchp_peripheral_32MX795F512H.a(I2CSetFrequency.o)
 .mdebug.abi32  0xa0008dac        0x0 /Applications/microchip/xc32/v1.33/bin/bin/../../lib/gcc/pic32mx/4.5.2/../../../../pic32mx/lib/libmchp_peripheral_32MX795F512H.a(I2CStart.o)
 .mdebug.abi32  0xa0008dac        0x0 /Applications/microchip/xc32/v1.33/bin/bin/../../lib/gcc/pic32mx/4.5.2/../../../../pic32mx/lib/libmchp_peripheral_32MX795F512H.a(I2CStop.o)
 .mdebug.abi32  0xa0008dac        0x0 /Applications/microchip/xc32/v1.33/bin/bin/../../lib/gcc/pic32mx/4.5.2/../../../../pic32mx/lib/libmchp_peripheral_32MX795F512H.a(I2CTransmissionHasCompleted.o)
 .mdebug.abi32  0xa0008dac        0x0 /Applications/microchip/xc32/v1.33/bin/bin/../../lib/gcc/pic32mx/4.5.2/../../../../pic32mx/lib/libmchp_peripheral_32MX795F512H.a(I2CTransmitterIsReady.o)
 .mdebug.abi32  0xa0008dac        0x0 /Applications/microchip/xc32/v1.33/bin/bin/../../lib/gcc/pic32mx/4.5.2/../../../../pic32mx/lib/libmchp_peripheral_32MX795F512H.a(I2CPrivate.o)
 .mdebug.abi32  0xa0008dac        0x0 /Applications/microchip/xc32/v1.33/bin/bin/../../lib/gcc/pic32mx/4.5.2/libgcc.a(_divdi3.o)
 .mdebug.abi32  0xa0008dac        0x0 /Applications/microchip/xc32/v1.33/bin/bin/../../lib/gcc/pic32mx/4.5.2/libgcc.a(floatunsisf.o)
 .mdebug.abi32  0xa0008dac        0x0 /Applications/microchip/xc32/v1.33/bin/bin/../../lib/gcc/pic32mx/4.5.2/../../../../pic32mx/lib/libpic32.a(default-bootstrap-exception-handler.o)
 .mdebug.abi32  0xa0008dac        0x0 /Applications/microchip/xc32/v1.33/bin/bin/../../lib/gcc/pic32mx/4.5.2/../../../../pic32mx/lib/libpic32.a(default-on-reset.o)
 .mdebug.abi32  0xa0008dac        0x0 /Applications/microchip/xc32/v1.33/bin/bin/../../lib/gcc/pic32mx/4.5.2/../../../../pic32mx/lib/libpic32.a(default-on-bootstrap.o)
 .mdebug.abi32  0xa0008dac        0x0 /Applications/microchip/xc32/v1.33/bin/bin/../../lib/gcc/pic32mx/4.5.2/../../../../pic32mx/lib/libpic32.a(default-general-exception-handler.o)
 .mdebug.abi32  0xa0008dac        0x0 /Applications/microchip/xc32/v1.33/bin/bin/../../lib/gcc/pic32mx/4.5.2/../../../../pic32mx/lib/libpic32.a(defaultinterrupt.o)
 .mdebug.abi32  0xa0008dac        0x0 /Applications/microchip/xc32/v1.33/bin/bin/../../lib/gcc/pic32mx/4.5.2/../../../../pic32mx/lib/libc.a(malloc.o)
 .mdebug.abi32  0xa0008dac        0x0 /Applications/microchip/xc32/v1.33/bin/bin/../../lib/gcc/pic32mx/4.5.2/../../../../pic32mx/lib/libc.a(strchr.o)
 .mdebug.abi32  0xa0008dac        0x0 /Applications/microchip/xc32/v1.33/bin/bin/../../lib/gcc/pic32mx/4.5.2/../../../../pic32mx/lib/libc.a(strncmp.o)
 .mdebug.abi32  0xa0008dac        0x0 /Applications/microchip/xc32/v1.33/bin/bin/../../lib/gcc/pic32mx/4.5.2/../../../../pic32mx/lib/libpic32.a(sbrk.o)
 .mdebug.abi32  0xa0008dac        0x0 /Applications/microchip/xc32/v1.33/bin/bin/../../lib/gcc/pic32mx/4.5.2/../../../../pic32mx/lib/libpic32.a(errno.o)

.mdebug.abiN32
 *(.mdebug.abiN32)

.mdebug.abi64
 *(.mdebug.abi64)

.mdebug.abiO64
 *(.mdebug.abiO64)

.mdebug.eabi32
 *(.mdebug.eabi32)

.mdebug.eabi64
 *(.mdebug.eabi64)

.gcc_compiled_long32
 *(.gcc_compiled_long32)

.gcc_compiled_long64
 *(.gcc_compiled_long64)

.stab
 *(.stab)

.stabstr
 *(.stabstr)

.stab.excl
 *(.stab.excl)

.stab.exclstr
 *(.stab.exclstr)

.stab.index
 *(.stab.index)

.stab.indexstr
 *(.stab.indexstr)

.comment        0x00000000      0x117
 *(.comment)
 .comment       0x00000000       0x3c build/default/production/source/main.o
                                 0x3d (size before relaxing)
 .comment       0x00000000       0x3d build/default/production/source/StateMachine.o
 .comment       0x00000000       0x3d build/default/production/source/Interrupts.o
 .comment       0x00000000       0x3d build/default/production/source/Setup.o
 .comment       0x00000000       0x3d build/default/production/source/dual_driver_vnh5019.o
 .comment       0x0000003c       0x3c ../../ChinookLib/ChinookLib.X/dist/default/production/ChinookLib.X.a(ChinookPorts.o)
                                 0x3d (size before relaxing)
 .comment       0x00000000       0x3d ../../ChinookLib/ChinookLib.X/dist/default/production/ChinookLib.X.a(ChinookPwm.o)
 .comment       0x00000000       0x3d ../../ChinookLib/ChinookLib.X/dist/default/production/ChinookLib.X.a(ChinookTimer.o)
 .comment       0x00000000       0x3d ../../ChinookLib/ChinookLib.X/dist/default/production/ChinookLib.X.a(ChinookUart.o)
 .comment       0x00000000       0x3d ../../ChinookLib/ChinookLib.X/dist/default/production/ChinookLib.X.a(ChinookSpi.o)
 .comment       0x00000000       0x3d ../../ChinookLib/ChinookLib.X/dist/default/production/ChinookLib.X.a(ChinookAdc.o)
 .comment       0x00000000       0x3d ../../ChinookLib/ChinookLib.X/dist/default/production/ChinookLib.X.a(ChinookInputCapture.o)
 .comment       0x00000000       0x3d ../../ChinookLib/ChinookLib.X/dist/default/production/ChinookLib.X.a(ChinookWdt.o)
 .comment       0x00000000       0x3d ../../ChinookLib/ChinookLib.X/dist/default/production/ChinookLib.X.a(ChinookSkadi.o)
 .comment       0x00000000       0x3d ../../ChinookLib/ChinookLib.X/dist/default/production/ChinookLib.X.a(ChinookCan.o)
 .comment       0x00000000       0x3d ../../ChinookLib/ChinookLib.X/dist/default/production/ChinookLib.X.a(ChinookI2c.o)
 .comment       0x00000078       0x3c /Applications/microchip/xc32/v1.33/bin/bin/../../lib/gcc/pic32mx/4.5.2/../../../../pic32mx/lib/libmchp_peripheral.a(open_core_timer_lib.o)
                                 0x3d (size before relaxing)
 .comment       0x00000000       0x3d /Applications/microchip/xc32/v1.33/bin/bin/../../lib/gcc/pic32mx/4.5.2/../../../../pic32mx/lib/libmchp_peripheral.a(read_core_timer_lib.o)
 .comment       0x00000000       0x3d /Applications/microchip/xc32/v1.33/bin/bin/../../lib/gcc/pic32mx/4.5.2/../../../../pic32mx/lib/libmchp_peripheral.a(write_core_timer_lib.o)
 .comment       0x00000000       0x3d /Applications/microchip/xc32/v1.33/bin/bin/../../lib/gcc/pic32mx/4.5.2/../../../../pic32mx/lib/libmchp_peripheral_32MX795F512H.a(CANConfiguration.o)
 .comment       0x00000000       0x3d /Applications/microchip/xc32/v1.33/bin/bin/../../lib/gcc/pic32mx/4.5.2/../../../../pic32mx/lib/libmchp_peripheral_32MX795F512H.a(CANEventFunctions.o)
 .comment       0x00000000       0x3d /Applications/microchip/xc32/v1.33/bin/bin/../../lib/gcc/pic32mx/4.5.2/../../../../pic32mx/lib/libmchp_peripheral_32MX795F512H.a(CANFilterFunctions.o)
 .comment       0x00000000       0x3d /Applications/microchip/xc32/v1.33/bin/bin/../../lib/gcc/pic32mx/4.5.2/../../../../pic32mx/lib/libmchp_peripheral_32MX795F512H.a(CANReceiveFunctions.o)
 .comment       0x00000000       0x3d /Applications/microchip/xc32/v1.33/bin/bin/../../lib/gcc/pic32mx/4.5.2/../../../../pic32mx/lib/libmchp_peripheral_32MX795F512H.a(CANTransmitFunctions.o)
 .comment       0x00000000       0x3d /Applications/microchip/xc32/v1.33/bin/bin/../../lib/gcc/pic32mx/4.5.2/../../../../pic32mx/lib/libmchp_peripheral_32MX795F512H.a(pcache.o)
 .comment       0x00000000       0x3d /Applications/microchip/xc32/v1.33/bin/bin/../../lib/gcc/pic32mx/4.5.2/../../../../pic32mx/lib/libmchp_peripheral_32MX795F512H.a(int_configure_system_lib.o)
 .comment       0x00000000       0x3d /Applications/microchip/xc32/v1.33/bin/bin/../../lib/gcc/pic32mx/4.5.2/../../../../pic32mx/lib/libmchp_peripheral_32MX795F512H.a(int_enable_interrupts_lib.o)
 .comment       0x00000000       0x3d /Applications/microchip/xc32/v1.33/bin/bin/../../lib/gcc/pic32mx/4.5.2/../../../../pic32mx/lib/libmchp_peripheral_32MX795F512H.a(int_disable_interrupts_lib.o)
 .comment       0x00000000       0x3d /Applications/microchip/xc32/v1.33/bin/bin/../../lib/gcc/pic32mx/4.5.2/../../../../pic32mx/lib/libmchp_peripheral_32MX795F512H.a(int_restore_interrupts_lib.o)
 .comment       0x00000000       0x3d /Applications/microchip/xc32/v1.33/bin/bin/../../lib/gcc/pic32mx/4.5.2/../../../../pic32mx/lib/libmchp_peripheral_32MX795F512H.a(int_tbl_lib.o)
 .comment       0x00000000       0x3d /Applications/microchip/xc32/v1.33/bin/bin/../../lib/gcc/pic32mx/4.5.2/../../../../pic32mx/lib/libmchp_peripheral_32MX795F512H.a(spi_chn_close_lib.o)
 .comment       0x00000000       0x3d /Applications/microchip/xc32/v1.33/bin/bin/../../lib/gcc/pic32mx/4.5.2/../../../../pic32mx/lib/libmchp_peripheral_32MX795F512H.a(spi_chn_getc_lib.o)
 .comment       0x00000000       0x3d /Applications/microchip/xc32/v1.33/bin/bin/../../lib/gcc/pic32mx/4.5.2/../../../../pic32mx/lib/libmchp_peripheral_32MX795F512H.a(spi_chn_open_lib.o)
 .comment       0x00000000       0x3d /Applications/microchip/xc32/v1.33/bin/bin/../../lib/gcc/pic32mx/4.5.2/../../../../pic32mx/lib/libmchp_peripheral_32MX795F512H.a(spi_chn_putc_lib.o)
 .comment       0x00000000       0x3d /Applications/microchip/xc32/v1.33/bin/bin/../../lib/gcc/pic32mx/4.5.2/../../../../pic32mx/lib/libmchp_peripheral_32MX795F512H.a(spi_chn_enable_lib.o)
 .comment       0x00000000       0x3d /Applications/microchip/xc32/v1.33/bin/bin/../../lib/gcc/pic32mx/4.5.2/../../../../pic32mx/lib/libmchp_peripheral_32MX795F512H.a(spi_chn_is_busy_lib.o)
 .comment       0x00000000       0x3d /Applications/microchip/xc32/v1.33/bin/bin/../../lib/gcc/pic32mx/4.5.2/../../../../pic32mx/lib/libmchp_peripheral_32MX795F512H.a(spi_io_tbl_libp.o)
 .comment       0x00000000       0x3d /Applications/microchip/xc32/v1.33/bin/bin/../../lib/gcc/pic32mx/4.5.2/../../../../pic32mx/lib/libmchp_peripheral_32MX795F512H.a(spi_map_tbl_libp.o)
 .comment       0x00000000       0x3d /Applications/microchip/xc32/v1.33/bin/bin/../../lib/gcc/pic32mx/4.5.2/../../../../pic32mx/lib/libmchp_peripheral_32MX795F512H.a(port_reset_pins_lib.o)
 .comment       0x00000000       0x3d /Applications/microchip/xc32/v1.33/bin/bin/../../lib/gcc/pic32mx/4.5.2/../../../../pic32mx/lib/libmchp_peripheral_32MX795F512H.a(port_set_pins_digital_in_lib.o)
 .comment       0x00000000       0x3d /Applications/microchip/xc32/v1.33/bin/bin/../../lib/gcc/pic32mx/4.5.2/../../../../pic32mx/lib/libmchp_peripheral_32MX795F512H.a(port_set_pins_digital_out_lib.o)
 .comment       0x00000000       0x3d /Applications/microchip/xc32/v1.33/bin/bin/../../lib/gcc/pic32mx/4.5.2/../../../../pic32mx/lib/libmchp_peripheral_32MX795F512H.a(port_read_bits_lib.o)
 .comment       0x00000000       0x3d /Applications/microchip/xc32/v1.33/bin/bin/../../lib/gcc/pic32mx/4.5.2/../../../../pic32mx/lib/libmchp_peripheral_32MX795F512H.a(port_read_lib.o)
 .comment       0x00000000       0x3d /Applications/microchip/xc32/v1.33/bin/bin/../../lib/gcc/pic32mx/4.5.2/../../../../pic32mx/lib/libmchp_peripheral_32MX795F512H.a(_ports_tbl_libp.o)
 .comment       0x00000000       0x3d /Applications/microchip/xc32/v1.33/bin/bin/../../lib/gcc/pic32mx/4.5.2/../../../../pic32mx/lib/libmchp_peripheral_32MX795F512H.a(uart_lib.o)
 .comment       0x00000000       0x3d /Applications/microchip/xc32/v1.33/bin/bin/../../lib/gcc/pic32mx/4.5.2/../../../../pic32mx/lib/libmchp_peripheral_32MX795F512H.a(I2CAcknowledgeByte.o)
 .comment       0x00000000       0x3d /Applications/microchip/xc32/v1.33/bin/bin/../../lib/gcc/pic32mx/4.5.2/../../../../pic32mx/lib/libmchp_peripheral_32MX795F512H.a(I2CAcknowledgeHasCompleted.o)
 .comment       0x00000000       0x3d /Applications/microchip/xc32/v1.33/bin/bin/../../lib/gcc/pic32mx/4.5.2/../../../../pic32mx/lib/libmchp_peripheral_32MX795F512H.a(I2CBusIsIdle.o)
 .comment       0x00000000       0x3d /Applications/microchip/xc32/v1.33/bin/bin/../../lib/gcc/pic32mx/4.5.2/../../../../pic32mx/lib/libmchp_peripheral_32MX795F512H.a(I2CByteWasAcknowledged.o)
 .comment       0x00000000       0x3d /Applications/microchip/xc32/v1.33/bin/bin/../../lib/gcc/pic32mx/4.5.2/../../../../pic32mx/lib/libmchp_peripheral_32MX795F512H.a(I2CEnable.o)
 .comment       0x00000000       0x3d /Applications/microchip/xc32/v1.33/bin/bin/../../lib/gcc/pic32mx/4.5.2/../../../../pic32mx/lib/libmchp_peripheral_32MX795F512H.a(I2CGetByte.o)
 .comment       0x00000000       0x3d /Applications/microchip/xc32/v1.33/bin/bin/../../lib/gcc/pic32mx/4.5.2/../../../../pic32mx/lib/libmchp_peripheral_32MX795F512H.a(I2CGetStatus.o)
 .comment       0x00000000       0x3d /Applications/microchip/xc32/v1.33/bin/bin/../../lib/gcc/pic32mx/4.5.2/../../../../pic32mx/lib/libmchp_peripheral_32MX795F512H.a(I2CReceivedDataIsAvailable.o)
 .comment       0x00000000       0x3d /Applications/microchip/xc32/v1.33/bin/bin/../../lib/gcc/pic32mx/4.5.2/../../../../pic32mx/lib/libmchp_peripheral_32MX795F512H.a(I2CReceiverEnable.o)
 .comment       0x00000000       0x3d /Applications/microchip/xc32/v1.33/bin/bin/../../lib/gcc/pic32mx/4.5.2/../../../../pic32mx/lib/libmchp_peripheral_32MX795F512H.a(I2CRepeatStart.o)
 .comment       0x00000000       0x3d /Applications/microchip/xc32/v1.33/bin/bin/../../lib/gcc/pic32mx/4.5.2/../../../../pic32mx/lib/libmchp_peripheral_32MX795F512H.a(I2CSendByte.o)
 .comment       0x00000000       0x3d /Applications/microchip/xc32/v1.33/bin/bin/../../lib/gcc/pic32mx/4.5.2/../../../../pic32mx/lib/libmchp_peripheral_32MX795F512H.a(I2CSetFrequency.o)
 .comment       0x00000000       0x3d /Applications/microchip/xc32/v1.33/bin/bin/../../lib/gcc/pic32mx/4.5.2/../../../../pic32mx/lib/libmchp_peripheral_32MX795F512H.a(I2CStart.o)
 .comment       0x00000000       0x3d /Applications/microchip/xc32/v1.33/bin/bin/../../lib/gcc/pic32mx/4.5.2/../../../../pic32mx/lib/libmchp_peripheral_32MX795F512H.a(I2CStop.o)
 .comment       0x00000000       0x3d /Applications/microchip/xc32/v1.33/bin/bin/../../lib/gcc/pic32mx/4.5.2/../../../../pic32mx/lib/libmchp_peripheral_32MX795F512H.a(I2CTransmissionHasCompleted.o)
 .comment       0x00000000       0x3d /Applications/microchip/xc32/v1.33/bin/bin/../../lib/gcc/pic32mx/4.5.2/../../../../pic32mx/lib/libmchp_peripheral_32MX795F512H.a(I2CTransmitterIsReady.o)
 .comment       0x00000000       0x3d /Applications/microchip/xc32/v1.33/bin/bin/../../lib/gcc/pic32mx/4.5.2/../../../../pic32mx/lib/libmchp_peripheral_32MX795F512H.a(I2CPrivate.o)
 .comment       0x00000000       0x3d /Applications/microchip/xc32/v1.33/bin/bin/../../lib/gcc/pic32mx/4.5.2/libgcc.a(_divdi3.o)
 .comment       0x00000000       0x3d /Applications/microchip/xc32/v1.33/bin/bin/../../lib/gcc/pic32mx/4.5.2/libgcc.a(floatunsisf.o)
 .comment       0x000000b4       0x18 /Applications/microchip/xc32/v1.33/bin/bin/../../lib/gcc/pic32mx/4.5.2/../../../../pic32mx/lib/libpic32.a(memset.o)
                                 0x19 (size before relaxing)
 .comment       0x00000000       0x3d /Applications/microchip/xc32/v1.33/bin/bin/../../lib/gcc/pic32mx/4.5.2/../../../../pic32mx/lib/libpic32.a(default-bootstrap-exception-handler.o)
 .comment       0x00000000       0x3d /Applications/microchip/xc32/v1.33/bin/bin/../../lib/gcc/pic32mx/4.5.2/../../../../pic32mx/lib/libpic32.a(default-on-reset.o)
 .comment       0x00000000       0x3d /Applications/microchip/xc32/v1.33/bin/bin/../../lib/gcc/pic32mx/4.5.2/../../../../pic32mx/lib/libpic32.a(default-on-bootstrap.o)
 .comment       0x00000000       0x3d /Applications/microchip/xc32/v1.33/bin/bin/../../lib/gcc/pic32mx/4.5.2/../../../../pic32mx/lib/libpic32.a(default-general-exception-handler.o)
 .comment       0x00000000       0x3d /Applications/microchip/xc32/v1.33/bin/bin/../../lib/gcc/pic32mx/4.5.2/../../../../pic32mx/lib/libpic32.a(defaultinterrupt.o)
 .comment       0x00000000       0x3d /Applications/microchip/xc32/v1.33/bin/bin/../../lib/gcc/pic32mx/4.5.2/../../../../pic32mx/lib/libc.a(malloc.o)
 .comment       0x00000000       0x3d /Applications/microchip/xc32/v1.33/bin/bin/../../lib/gcc/pic32mx/4.5.2/../../../../pic32mx/lib/libc.a(strchr.o)
 .comment       0x00000000       0x3d /Applications/microchip/xc32/v1.33/bin/bin/../../lib/gcc/pic32mx/4.5.2/../../../../pic32mx/lib/libc.a(strncmp.o)
 .comment       0x000000cc       0x4b /Applications/microchip/xc32/v1.33/bin/bin/../../lib/gcc/pic32mx/4.5.2/../../../../pic32mx/lib/libpic32.a(sbrk.o)
                                 0x88 (size before relaxing)
 .comment       0x00000000       0x3d /Applications/microchip/xc32/v1.33/bin/bin/../../lib/gcc/pic32mx/4.5.2/../../../../pic32mx/lib/libpic32.a(errno.o)

.debug
 *(.debug)

.line
 *(.line)

.debug_srcinfo
 *(.debug_srcinfo)

.debug_sfnames
 *(.debug_sfnames)

.debug_aranges  0x00000000      0xa70
 *(.debug_aranges)
 .debug_aranges
                0x00000000       0x20 build/default/production/source/main.o
 .debug_aranges
                0x00000020       0x20 build/default/production/source/StateMachine.o
 .debug_aranges
                0x00000040       0x20 build/default/production/source/Interrupts.o
 .debug_aranges
                0x00000060       0x20 build/default/production/source/Setup.o
 .debug_aranges
                0x00000080       0x20 build/default/production/source/dual_driver_vnh5019.o
 .debug_aranges
                0x000000a0       0x20 ../../ChinookLib/ChinookLib.X/dist/default/production/ChinookLib.X.a(ChinookPorts.o)
 .debug_aranges
                0x000000c0       0x20 ../../ChinookLib/ChinookLib.X/dist/default/production/ChinookLib.X.a(ChinookPwm.o)
 .debug_aranges
                0x000000e0       0x20 ../../ChinookLib/ChinookLib.X/dist/default/production/ChinookLib.X.a(ChinookTimer.o)
 .debug_aranges
                0x00000100       0x20 ../../ChinookLib/ChinookLib.X/dist/default/production/ChinookLib.X.a(ChinookUart.o)
 .debug_aranges
                0x00000120       0x20 ../../ChinookLib/ChinookLib.X/dist/default/production/ChinookLib.X.a(ChinookSpi.o)
 .debug_aranges
                0x00000140       0x20 ../../ChinookLib/ChinookLib.X/dist/default/production/ChinookLib.X.a(ChinookAdc.o)
 .debug_aranges
                0x00000160       0x20 ../../ChinookLib/ChinookLib.X/dist/default/production/ChinookLib.X.a(ChinookInputCapture.o)
 .debug_aranges
                0x00000180       0x20 ../../ChinookLib/ChinookLib.X/dist/default/production/ChinookLib.X.a(ChinookWdt.o)
 .debug_aranges
                0x000001a0       0x20 ../../ChinookLib/ChinookLib.X/dist/default/production/ChinookLib.X.a(ChinookSkadi.o)
 .debug_aranges
                0x000001c0       0x20 ../../ChinookLib/ChinookLib.X/dist/default/production/ChinookLib.X.a(ChinookCan.o)
 .debug_aranges
                0x000001e0       0x20 ../../ChinookLib/ChinookLib.X/dist/default/production/ChinookLib.X.a(ChinookI2c.o)
 .debug_aranges
                0x00000200       0x20 /Applications/microchip/xc32/v1.33/bin/bin/../../lib/gcc/pic32mx/4.5.2/../../../../pic32mx/lib/libmchp_peripheral.a(open_core_timer_lib.o)
 .debug_aranges
                0x00000220       0x20 /Applications/microchip/xc32/v1.33/bin/bin/../../lib/gcc/pic32mx/4.5.2/../../../../pic32mx/lib/libmchp_peripheral.a(read_core_timer_lib.o)
 .debug_aranges
                0x00000240       0x20 /Applications/microchip/xc32/v1.33/bin/bin/../../lib/gcc/pic32mx/4.5.2/../../../../pic32mx/lib/libmchp_peripheral.a(write_core_timer_lib.o)
 .debug_aranges
                0x00000260       0x80 /Applications/microchip/xc32/v1.33/bin/bin/../../lib/gcc/pic32mx/4.5.2/../../../../pic32mx/lib/libmchp_peripheral_32MX795F512H.a(CANConfiguration.o)
 .debug_aranges
                0x000002e0       0x60 /Applications/microchip/xc32/v1.33/bin/bin/../../lib/gcc/pic32mx/4.5.2/../../../../pic32mx/lib/libmchp_peripheral_32MX795F512H.a(CANEventFunctions.o)
 .debug_aranges
                0x00000340       0x48 /Applications/microchip/xc32/v1.33/bin/bin/../../lib/gcc/pic32mx/4.5.2/../../../../pic32mx/lib/libmchp_peripheral_32MX795F512H.a(CANFilterFunctions.o)
 .debug_aranges
                0x00000388       0x30 /Applications/microchip/xc32/v1.33/bin/bin/../../lib/gcc/pic32mx/4.5.2/../../../../pic32mx/lib/libmchp_peripheral_32MX795F512H.a(CANReceiveFunctions.o)
 .debug_aranges
                0x000003b8       0x48 /Applications/microchip/xc32/v1.33/bin/bin/../../lib/gcc/pic32mx/4.5.2/../../../../pic32mx/lib/libmchp_peripheral_32MX795F512H.a(CANTransmitFunctions.o)
 .debug_aranges
                0x00000400       0x28 /Applications/microchip/xc32/v1.33/bin/bin/../../lib/gcc/pic32mx/4.5.2/../../../../pic32mx/lib/libmchp_peripheral_32MX795F512H.a(pcache.o)
 .debug_aranges
                0x00000428       0x20 /Applications/microchip/xc32/v1.33/bin/bin/../../lib/gcc/pic32mx/4.5.2/../../../../pic32mx/lib/libmchp_peripheral_32MX795F512H.a(int_configure_system_lib.o)
 .debug_aranges
                0x00000448       0x20 /Applications/microchip/xc32/v1.33/bin/bin/../../lib/gcc/pic32mx/4.5.2/../../../../pic32mx/lib/libmchp_peripheral_32MX795F512H.a(int_enable_interrupts_lib.o)
 .debug_aranges
                0x00000468       0x20 /Applications/microchip/xc32/v1.33/bin/bin/../../lib/gcc/pic32mx/4.5.2/../../../../pic32mx/lib/libmchp_peripheral_32MX795F512H.a(int_disable_interrupts_lib.o)
 .debug_aranges
                0x00000488       0x20 /Applications/microchip/xc32/v1.33/bin/bin/../../lib/gcc/pic32mx/4.5.2/../../../../pic32mx/lib/libmchp_peripheral_32MX795F512H.a(int_restore_interrupts_lib.o)
 .debug_aranges
                0x000004a8       0x60 /Applications/microchip/xc32/v1.33/bin/bin/../../lib/gcc/pic32mx/4.5.2/../../../../pic32mx/lib/libmchp_peripheral_32MX795F512H.a(int_tbl_lib.o)
 .debug_aranges
                0x00000508       0x20 /Applications/microchip/xc32/v1.33/bin/bin/../../lib/gcc/pic32mx/4.5.2/../../../../pic32mx/lib/libmchp_peripheral_32MX795F512H.a(spi_chn_close_lib.o)
 .debug_aranges
                0x00000528       0x28 /Applications/microchip/xc32/v1.33/bin/bin/../../lib/gcc/pic32mx/4.5.2/../../../../pic32mx/lib/libmchp_peripheral_32MX795F512H.a(spi_chn_getc_lib.o)
 .debug_aranges
                0x00000550       0x20 /Applications/microchip/xc32/v1.33/bin/bin/../../lib/gcc/pic32mx/4.5.2/../../../../pic32mx/lib/libmchp_peripheral_32MX795F512H.a(spi_chn_open_lib.o)
 .debug_aranges
                0x00000570       0x30 /Applications/microchip/xc32/v1.33/bin/bin/../../lib/gcc/pic32mx/4.5.2/../../../../pic32mx/lib/libmchp_peripheral_32MX795F512H.a(spi_chn_putc_lib.o)
 .debug_aranges
                0x000005a0       0x20 /Applications/microchip/xc32/v1.33/bin/bin/../../lib/gcc/pic32mx/4.5.2/../../../../pic32mx/lib/libmchp_peripheral_32MX795F512H.a(spi_chn_enable_lib.o)
 .debug_aranges
                0x000005c0       0x28 /Applications/microchip/xc32/v1.33/bin/bin/../../lib/gcc/pic32mx/4.5.2/../../../../pic32mx/lib/libmchp_peripheral_32MX795F512H.a(spi_chn_is_busy_lib.o)
 .debug_aranges
                0x000005e8       0x20 /Applications/microchip/xc32/v1.33/bin/bin/../../lib/gcc/pic32mx/4.5.2/../../../../pic32mx/lib/libmchp_peripheral_32MX795F512H.a(port_reset_pins_lib.o)
 .debug_aranges
                0x00000608       0x20 /Applications/microchip/xc32/v1.33/bin/bin/../../lib/gcc/pic32mx/4.5.2/../../../../pic32mx/lib/libmchp_peripheral_32MX795F512H.a(port_set_pins_digital_in_lib.o)
 .debug_aranges
                0x00000628       0x20 /Applications/microchip/xc32/v1.33/bin/bin/../../lib/gcc/pic32mx/4.5.2/../../../../pic32mx/lib/libmchp_peripheral_32MX795F512H.a(port_set_pins_digital_out_lib.o)
 .debug_aranges
                0x00000648       0x20 /Applications/microchip/xc32/v1.33/bin/bin/../../lib/gcc/pic32mx/4.5.2/../../../../pic32mx/lib/libmchp_peripheral_32MX795F512H.a(port_read_bits_lib.o)
 .debug_aranges
                0x00000668       0x20 /Applications/microchip/xc32/v1.33/bin/bin/../../lib/gcc/pic32mx/4.5.2/../../../../pic32mx/lib/libmchp_peripheral_32MX795F512H.a(port_read_lib.o)
 .debug_aranges
                0x00000688       0x58 /Applications/microchip/xc32/v1.33/bin/bin/../../lib/gcc/pic32mx/4.5.2/../../../../pic32mx/lib/libmchp_peripheral_32MX795F512H.a(uart_lib.o)
 .debug_aranges
                0x000006e0       0x20 /Applications/microchip/xc32/v1.33/bin/bin/../../lib/gcc/pic32mx/4.5.2/../../../../pic32mx/lib/libmchp_peripheral_32MX795F512H.a(I2CAcknowledgeByte.o)
 .debug_aranges
                0x00000700       0x20 /Applications/microchip/xc32/v1.33/bin/bin/../../lib/gcc/pic32mx/4.5.2/../../../../pic32mx/lib/libmchp_peripheral_32MX795F512H.a(I2CAcknowledgeHasCompleted.o)
 .debug_aranges
                0x00000720       0x20 /Applications/microchip/xc32/v1.33/bin/bin/../../lib/gcc/pic32mx/4.5.2/../../../../pic32mx/lib/libmchp_peripheral_32MX795F512H.a(I2CBusIsIdle.o)
 .debug_aranges
                0x00000740       0x20 /Applications/microchip/xc32/v1.33/bin/bin/../../lib/gcc/pic32mx/4.5.2/../../../../pic32mx/lib/libmchp_peripheral_32MX795F512H.a(I2CByteWasAcknowledged.o)
 .debug_aranges
                0x00000760       0x20 /Applications/microchip/xc32/v1.33/bin/bin/../../lib/gcc/pic32mx/4.5.2/../../../../pic32mx/lib/libmchp_peripheral_32MX795F512H.a(I2CEnable.o)
 .debug_aranges
                0x00000780       0x20 /Applications/microchip/xc32/v1.33/bin/bin/../../lib/gcc/pic32mx/4.5.2/../../../../pic32mx/lib/libmchp_peripheral_32MX795F512H.a(I2CGetByte.o)
 .debug_aranges
                0x000007a0       0x20 /Applications/microchip/xc32/v1.33/bin/bin/../../lib/gcc/pic32mx/4.5.2/../../../../pic32mx/lib/libmchp_peripheral_32MX795F512H.a(I2CGetStatus.o)
 .debug_aranges
                0x000007c0       0x20 /Applications/microchip/xc32/v1.33/bin/bin/../../lib/gcc/pic32mx/4.5.2/../../../../pic32mx/lib/libmchp_peripheral_32MX795F512H.a(I2CReceivedDataIsAvailable.o)
 .debug_aranges
                0x000007e0       0x20 /Applications/microchip/xc32/v1.33/bin/bin/../../lib/gcc/pic32mx/4.5.2/../../../../pic32mx/lib/libmchp_peripheral_32MX795F512H.a(I2CReceiverEnable.o)
 .debug_aranges
                0x00000800       0x20 /Applications/microchip/xc32/v1.33/bin/bin/../../lib/gcc/pic32mx/4.5.2/../../../../pic32mx/lib/libmchp_peripheral_32MX795F512H.a(I2CRepeatStart.o)
 .debug_aranges
                0x00000820       0x20 /Applications/microchip/xc32/v1.33/bin/bin/../../lib/gcc/pic32mx/4.5.2/../../../../pic32mx/lib/libmchp_peripheral_32MX795F512H.a(I2CSendByte.o)
 .debug_aranges
                0x00000840       0x20 /Applications/microchip/xc32/v1.33/bin/bin/../../lib/gcc/pic32mx/4.5.2/../../../../pic32mx/lib/libmchp_peripheral_32MX795F512H.a(I2CSetFrequency.o)
 .debug_aranges
                0x00000860       0x20 /Applications/microchip/xc32/v1.33/bin/bin/../../lib/gcc/pic32mx/4.5.2/../../../../pic32mx/lib/libmchp_peripheral_32MX795F512H.a(I2CStart.o)
 .debug_aranges
                0x00000880       0x20 /Applications/microchip/xc32/v1.33/bin/bin/../../lib/gcc/pic32mx/4.5.2/../../../../pic32mx/lib/libmchp_peripheral_32MX795F512H.a(I2CStop.o)
 .debug_aranges
                0x000008a0       0x20 /Applications/microchip/xc32/v1.33/bin/bin/../../lib/gcc/pic32mx/4.5.2/../../../../pic32mx/lib/libmchp_peripheral_32MX795F512H.a(I2CTransmissionHasCompleted.o)
 .debug_aranges
                0x000008c0       0x20 /Applications/microchip/xc32/v1.33/bin/bin/../../lib/gcc/pic32mx/4.5.2/../../../../pic32mx/lib/libmchp_peripheral_32MX795F512H.a(I2CTransmitterIsReady.o)
 .debug_aranges
                0x000008e0       0x20 /Applications/microchip/xc32/v1.33/bin/bin/../../lib/gcc/pic32mx/4.5.2/libgcc.a(_divdi3.o)
 .debug_aranges
                0x00000900       0x20 /Applications/microchip/xc32/v1.33/bin/bin/../../lib/gcc/pic32mx/4.5.2/libgcc.a(floatunsisf.o)
 .debug_aranges
                0x00000920       0x20 /Applications/microchip/xc32/v1.33/bin/bin/../../lib/gcc/pic32mx/4.5.2/../../../../pic32mx/lib/libpic32.a(default-bootstrap-exception-handler.o)
 .debug_aranges
                0x00000940       0x20 /Applications/microchip/xc32/v1.33/bin/bin/../../lib/gcc/pic32mx/4.5.2/../../../../pic32mx/lib/libpic32.a(default-on-reset.o)
 .debug_aranges
                0x00000960       0x20 /Applications/microchip/xc32/v1.33/bin/bin/../../lib/gcc/pic32mx/4.5.2/../../../../pic32mx/lib/libpic32.a(default-on-bootstrap.o)
 .debug_aranges
                0x00000980       0x20 /Applications/microchip/xc32/v1.33/bin/bin/../../lib/gcc/pic32mx/4.5.2/../../../../pic32mx/lib/libpic32.a(default-general-exception-handler.o)
 .debug_aranges
                0x000009a0       0x20 /Applications/microchip/xc32/v1.33/bin/bin/../../lib/gcc/pic32mx/4.5.2/../../../../pic32mx/lib/libpic32.a(defaultinterrupt.o)
 .debug_aranges
                0x000009c0       0x30 /Applications/microchip/xc32/v1.33/bin/bin/../../lib/gcc/pic32mx/4.5.2/../../../../pic32mx/lib/libc.a(malloc.o)
 .debug_aranges
                0x000009f0       0x20 /Applications/microchip/xc32/v1.33/bin/bin/../../lib/gcc/pic32mx/4.5.2/../../../../pic32mx/lib/libc.a(strchr.o)
 .debug_aranges
                0x00000a10       0x20 /Applications/microchip/xc32/v1.33/bin/bin/../../lib/gcc/pic32mx/4.5.2/../../../../pic32mx/lib/libc.a(strncmp.o)
 .debug_aranges
                0x00000a30       0x40 /Applications/microchip/xc32/v1.33/bin/bin/../../lib/gcc/pic32mx/4.5.2/../../../../pic32mx/lib/libpic32.a(sbrk.o)

.debug_pubnames
                0x00000000     0x183b
 *(.debug_pubnames)
 .debug_pubnames
                0x00000000      0x242 build/default/production/source/main.o
 .debug_pubnames
                0x00000242      0x25c build/default/production/source/StateMachine.o
 .debug_pubnames
                0x0000049e      0x3a9 build/default/production/source/Interrupts.o
 .debug_pubnames
                0x00000847      0x203 build/default/production/source/Setup.o
 .debug_pubnames
                0x00000a4a      0x134 build/default/production/source/dual_driver_vnh5019.o
 .debug_pubnames
                0x00000b7e       0x24 /Applications/microchip/xc32/v1.33/bin/bin/../../lib/gcc/pic32mx/4.5.2/../../../../pic32mx/lib/libmchp_peripheral.a(open_core_timer_lib.o)
 .debug_pubnames
                0x00000ba2       0x24 /Applications/microchip/xc32/v1.33/bin/bin/../../lib/gcc/pic32mx/4.5.2/../../../../pic32mx/lib/libmchp_peripheral.a(read_core_timer_lib.o)
 .debug_pubnames
                0x00000bc6       0x25 /Applications/microchip/xc32/v1.33/bin/bin/../../lib/gcc/pic32mx/4.5.2/../../../../pic32mx/lib/libmchp_peripheral.a(write_core_timer_lib.o)
 .debug_pubnames
                0x00000beb      0x135 /Applications/microchip/xc32/v1.33/bin/bin/../../lib/gcc/pic32mx/4.5.2/../../../../pic32mx/lib/libmchp_peripheral_32MX795F512H.a(CANConfiguration.o)
 .debug_pubnames
                0x00000d20      0x101 /Applications/microchip/xc32/v1.33/bin/bin/../../lib/gcc/pic32mx/4.5.2/../../../../pic32mx/lib/libmchp_peripheral_32MX795F512H.a(CANEventFunctions.o)
 .debug_pubnames
                0x00000e21       0xa5 /Applications/microchip/xc32/v1.33/bin/bin/../../lib/gcc/pic32mx/4.5.2/../../../../pic32mx/lib/libmchp_peripheral_32MX795F512H.a(CANFilterFunctions.o)
 .debug_pubnames
                0x00000ec6       0x58 /Applications/microchip/xc32/v1.33/bin/bin/../../lib/gcc/pic32mx/4.5.2/../../../../pic32mx/lib/libmchp_peripheral_32MX795F512H.a(CANReceiveFunctions.o)
 .debug_pubnames
                0x00000f1e       0xa5 /Applications/microchip/xc32/v1.33/bin/bin/../../lib/gcc/pic32mx/4.5.2/../../../../pic32mx/lib/libmchp_peripheral_32MX795F512H.a(CANTransmitFunctions.o)
 .debug_pubnames
                0x00000fc3       0x3b /Applications/microchip/xc32/v1.33/bin/bin/../../lib/gcc/pic32mx/4.5.2/../../../../pic32mx/lib/libmchp_peripheral_32MX795F512H.a(pcache.o)
 .debug_pubnames
                0x00000ffe       0x29 /Applications/microchip/xc32/v1.33/bin/bin/../../lib/gcc/pic32mx/4.5.2/../../../../pic32mx/lib/libmchp_peripheral_32MX795F512H.a(int_configure_system_lib.o)
 .debug_pubnames
                0x00001027       0x2a /Applications/microchip/xc32/v1.33/bin/bin/../../lib/gcc/pic32mx/4.5.2/../../../../pic32mx/lib/libmchp_peripheral_32MX795F512H.a(int_enable_interrupts_lib.o)
 .debug_pubnames
                0x00001051       0x2b /Applications/microchip/xc32/v1.33/bin/bin/../../lib/gcc/pic32mx/4.5.2/../../../../pic32mx/lib/libmchp_peripheral_32MX795F512H.a(int_disable_interrupts_lib.o)
 .debug_pubnames
                0x0000107c       0x2b /Applications/microchip/xc32/v1.33/bin/bin/../../lib/gcc/pic32mx/4.5.2/../../../../pic32mx/lib/libmchp_peripheral_32MX795F512H.a(int_restore_interrupts_lib.o)
 .debug_pubnames
                0x000010a7       0xca /Applications/microchip/xc32/v1.33/bin/bin/../../lib/gcc/pic32mx/4.5.2/../../../../pic32mx/lib/libmchp_peripheral_32MX795F512H.a(int_tbl_lib.o)
 .debug_pubnames
                0x00001171       0x22 /Applications/microchip/xc32/v1.33/bin/bin/../../lib/gcc/pic32mx/4.5.2/../../../../pic32mx/lib/libmchp_peripheral_32MX795F512H.a(spi_chn_close_lib.o)
 .debug_pubnames
                0x00001193       0x31 /Applications/microchip/xc32/v1.33/bin/bin/../../lib/gcc/pic32mx/4.5.2/../../../../pic32mx/lib/libmchp_peripheral_32MX795F512H.a(spi_chn_getc_lib.o)
 .debug_pubnames
                0x000011c4       0x21 /Applications/microchip/xc32/v1.33/bin/bin/../../lib/gcc/pic32mx/4.5.2/../../../../pic32mx/lib/libmchp_peripheral_32MX795F512H.a(spi_chn_open_lib.o)
 .debug_pubnames
                0x000011e5       0x43 /Applications/microchip/xc32/v1.33/bin/bin/../../lib/gcc/pic32mx/4.5.2/../../../../pic32mx/lib/libmchp_peripheral_32MX795F512H.a(spi_chn_putc_lib.o)
 .debug_pubnames
                0x00001228       0x23 /Applications/microchip/xc32/v1.33/bin/bin/../../lib/gcc/pic32mx/4.5.2/../../../../pic32mx/lib/libmchp_peripheral_32MX795F512H.a(spi_chn_enable_lib.o)
 .debug_pubnames
                0x0000124b       0x37 /Applications/microchip/xc32/v1.33/bin/bin/../../lib/gcc/pic32mx/4.5.2/../../../../pic32mx/lib/libmchp_peripheral_32MX795F512H.a(spi_chn_is_busy_lib.o)
 .debug_pubnames
                0x00001282       0x24 /Applications/microchip/xc32/v1.33/bin/bin/../../lib/gcc/pic32mx/4.5.2/../../../../pic32mx/lib/libmchp_peripheral_32MX795F512H.a(port_reset_pins_lib.o)
 .debug_pubnames
                0x000012a6       0x2b /Applications/microchip/xc32/v1.33/bin/bin/../../lib/gcc/pic32mx/4.5.2/../../../../pic32mx/lib/libmchp_peripheral_32MX795F512H.a(port_set_pins_digital_in_lib.o)
 .debug_pubnames
                0x000012d1       0x2c /Applications/microchip/xc32/v1.33/bin/bin/../../lib/gcc/pic32mx/4.5.2/../../../../pic32mx/lib/libmchp_peripheral_32MX795F512H.a(port_set_pins_digital_out_lib.o)
 .debug_pubnames
                0x000012fd       0x23 /Applications/microchip/xc32/v1.33/bin/bin/../../lib/gcc/pic32mx/4.5.2/../../../../pic32mx/lib/libmchp_peripheral_32MX795F512H.a(port_read_bits_lib.o)
 .debug_pubnames
                0x00001320       0x1f /Applications/microchip/xc32/v1.33/bin/bin/../../lib/gcc/pic32mx/4.5.2/../../../../pic32mx/lib/libmchp_peripheral_32MX795F512H.a(port_read_lib.o)
 .debug_pubnames
                0x0000133f       0xb1 /Applications/microchip/xc32/v1.33/bin/bin/../../lib/gcc/pic32mx/4.5.2/../../../../pic32mx/lib/libmchp_peripheral_32MX795F512H.a(uart_lib.o)
 .debug_pubnames
                0x000013f0       0x29 /Applications/microchip/xc32/v1.33/bin/bin/../../lib/gcc/pic32mx/4.5.2/../../../../pic32mx/lib/libmchp_peripheral_32MX795F512H.a(I2CAcknowledgeByte.o)
 .debug_pubnames
                0x00001419       0x31 /Applications/microchip/xc32/v1.33/bin/bin/../../lib/gcc/pic32mx/4.5.2/../../../../pic32mx/lib/libmchp_peripheral_32MX795F512H.a(I2CAcknowledgeHasCompleted.o)
 .debug_pubnames
                0x0000144a       0x23 /Applications/microchip/xc32/v1.33/bin/bin/../../lib/gcc/pic32mx/4.5.2/../../../../pic32mx/lib/libmchp_peripheral_32MX795F512H.a(I2CBusIsIdle.o)
 .debug_pubnames
                0x0000146d       0x2d /Applications/microchip/xc32/v1.33/bin/bin/../../lib/gcc/pic32mx/4.5.2/../../../../pic32mx/lib/libmchp_peripheral_32MX795F512H.a(I2CByteWasAcknowledged.o)
 .debug_pubnames
                0x0000149a       0x20 /Applications/microchip/xc32/v1.33/bin/bin/../../lib/gcc/pic32mx/4.5.2/../../../../pic32mx/lib/libmchp_peripheral_32MX795F512H.a(I2CEnable.o)
 .debug_pubnames
                0x000014ba       0x21 /Applications/microchip/xc32/v1.33/bin/bin/../../lib/gcc/pic32mx/4.5.2/../../../../pic32mx/lib/libmchp_peripheral_32MX795F512H.a(I2CGetByte.o)
 .debug_pubnames
                0x000014db       0x23 /Applications/microchip/xc32/v1.33/bin/bin/../../lib/gcc/pic32mx/4.5.2/../../../../pic32mx/lib/libmchp_peripheral_32MX795F512H.a(I2CGetStatus.o)
 .debug_pubnames
                0x000014fe       0x31 /Applications/microchip/xc32/v1.33/bin/bin/../../lib/gcc/pic32mx/4.5.2/../../../../pic32mx/lib/libmchp_peripheral_32MX795F512H.a(I2CReceivedDataIsAvailable.o)
 .debug_pubnames
                0x0000152f       0x28 /Applications/microchip/xc32/v1.33/bin/bin/../../lib/gcc/pic32mx/4.5.2/../../../../pic32mx/lib/libmchp_peripheral_32MX795F512H.a(I2CReceiverEnable.o)
 .debug_pubnames
                0x00001557       0x25 /Applications/microchip/xc32/v1.33/bin/bin/../../lib/gcc/pic32mx/4.5.2/../../../../pic32mx/lib/libmchp_peripheral_32MX795F512H.a(I2CRepeatStart.o)
 .debug_pubnames
                0x0000157c       0x22 /Applications/microchip/xc32/v1.33/bin/bin/../../lib/gcc/pic32mx/4.5.2/../../../../pic32mx/lib/libmchp_peripheral_32MX795F512H.a(I2CSendByte.o)
 .debug_pubnames
                0x0000159e       0x26 /Applications/microchip/xc32/v1.33/bin/bin/../../lib/gcc/pic32mx/4.5.2/../../../../pic32mx/lib/libmchp_peripheral_32MX795F512H.a(I2CSetFrequency.o)
 .debug_pubnames
                0x000015c4       0x1f /Applications/microchip/xc32/v1.33/bin/bin/../../lib/gcc/pic32mx/4.5.2/../../../../pic32mx/lib/libmchp_peripheral_32MX795F512H.a(I2CStart.o)
 .debug_pubnames
                0x000015e3       0x1e /Applications/microchip/xc32/v1.33/bin/bin/../../lib/gcc/pic32mx/4.5.2/../../../../pic32mx/lib/libmchp_peripheral_32MX795F512H.a(I2CStop.o)
 .debug_pubnames
                0x00001601       0x32 /Applications/microchip/xc32/v1.33/bin/bin/../../lib/gcc/pic32mx/4.5.2/../../../../pic32mx/lib/libmchp_peripheral_32MX795F512H.a(I2CTransmissionHasCompleted.o)
 .debug_pubnames
                0x00001633       0x2c /Applications/microchip/xc32/v1.33/bin/bin/../../lib/gcc/pic32mx/4.5.2/../../../../pic32mx/lib/libmchp_peripheral_32MX795F512H.a(I2CTransmitterIsReady.o)
 .debug_pubnames
                0x0000165f       0x1f /Applications/microchip/xc32/v1.33/bin/bin/../../lib/gcc/pic32mx/4.5.2/libgcc.a(_divdi3.o)
 .debug_pubnames
                0x0000167e       0x24 /Applications/microchip/xc32/v1.33/bin/bin/../../lib/gcc/pic32mx/4.5.2/libgcc.a(floatunsisf.o)
 .debug_pubnames
                0x000016a2       0x33 /Applications/microchip/xc32/v1.33/bin/bin/../../lib/gcc/pic32mx/4.5.2/../../../../pic32mx/lib/libpic32.a(default-bootstrap-exception-handler.o)
 .debug_pubnames
                0x000016d5       0x20 /Applications/microchip/xc32/v1.33/bin/bin/../../lib/gcc/pic32mx/4.5.2/../../../../pic32mx/lib/libpic32.a(default-on-reset.o)
 .debug_pubnames
                0x000016f5       0x24 /Applications/microchip/xc32/v1.33/bin/bin/../../lib/gcc/pic32mx/4.5.2/../../../../pic32mx/lib/libpic32.a(default-on-bootstrap.o)
 .debug_pubnames
                0x00001719       0x31 /Applications/microchip/xc32/v1.33/bin/bin/../../lib/gcc/pic32mx/4.5.2/../../../../pic32mx/lib/libpic32.a(default-general-exception-handler.o)
 .debug_pubnames
                0x0000174a       0x28 /Applications/microchip/xc32/v1.33/bin/bin/../../lib/gcc/pic32mx/4.5.2/../../../../pic32mx/lib/libpic32.a(defaultinterrupt.o)
 .debug_pubnames
                0x00001772       0x32 /Applications/microchip/xc32/v1.33/bin/bin/../../lib/gcc/pic32mx/4.5.2/../../../../pic32mx/lib/libc.a(malloc.o)
 .debug_pubnames
                0x000017a4       0x1d /Applications/microchip/xc32/v1.33/bin/bin/../../lib/gcc/pic32mx/4.5.2/../../../../pic32mx/lib/libc.a(strchr.o)
 .debug_pubnames
                0x000017c1       0x1e /Applications/microchip/xc32/v1.33/bin/bin/../../lib/gcc/pic32mx/4.5.2/../../../../pic32mx/lib/libc.a(strncmp.o)
 .debug_pubnames
                0x000017df       0x5c /Applications/microchip/xc32/v1.33/bin/bin/../../lib/gcc/pic32mx/4.5.2/../../../../pic32mx/lib/libpic32.a(sbrk.o)

.debug_info     0x00000000    0x33523
 *(.debug_info .gnu.linkonce.wi.*)
 .debug_info    0x00000000     0x4cc5 build/default/production/source/main.o
 .debug_info    0x00004cc5     0x4853 build/default/production/source/StateMachine.o
 .debug_info    0x00009518     0x5886 build/default/production/source/Interrupts.o
 .debug_info    0x0000ed9e     0x4918 build/default/production/source/Setup.o
 .debug_info    0x000136b6     0x45fb build/default/production/source/dual_driver_vnh5019.o
 .debug_info    0x00017cb1     0x2334 ../../ChinookLib/ChinookLib.X/dist/default/production/ChinookLib.X.a(ChinookPorts.o)
 .debug_info    0x00019fe5     0x143f ../../ChinookLib/ChinookLib.X/dist/default/production/ChinookLib.X.a(ChinookPwm.o)
 .debug_info    0x0001b424     0x21e4 ../../ChinookLib/ChinookLib.X/dist/default/production/ChinookLib.X.a(ChinookTimer.o)
 .debug_info    0x0001d608     0x2cb5 ../../ChinookLib/ChinookLib.X/dist/default/production/ChinookLib.X.a(ChinookUart.o)
 .debug_info    0x000202bd     0x2fcb ../../ChinookLib/ChinookLib.X/dist/default/production/ChinookLib.X.a(ChinookSpi.o)
 .debug_info    0x00023288     0x1657 ../../ChinookLib/ChinookLib.X/dist/default/production/ChinookLib.X.a(ChinookAdc.o)
 .debug_info    0x000248df     0x257d ../../ChinookLib/ChinookLib.X/dist/default/production/ChinookLib.X.a(ChinookInputCapture.o)
 .debug_info    0x00026e5c     0x13ba ../../ChinookLib/ChinookLib.X/dist/default/production/ChinookLib.X.a(ChinookWdt.o)
 .debug_info    0x00028216     0x2237 ../../ChinookLib/ChinookLib.X/dist/default/production/ChinookLib.X.a(ChinookSkadi.o)
 .debug_info    0x0002a44d     0x2e4c ../../ChinookLib/ChinookLib.X/dist/default/production/ChinookLib.X.a(ChinookCan.o)
 .debug_info    0x0002d299     0x3042 ../../ChinookLib/ChinookLib.X/dist/default/production/ChinookLib.X.a(ChinookI2c.o)
 .debug_info    0x000302db       0xa6 /Applications/microchip/xc32/v1.33/bin/bin/../../lib/gcc/pic32mx/4.5.2/../../../../pic32mx/lib/libmchp_peripheral.a(open_core_timer_lib.o)
 .debug_info    0x00030381       0xa6 /Applications/microchip/xc32/v1.33/bin/bin/../../lib/gcc/pic32mx/4.5.2/../../../../pic32mx/lib/libmchp_peripheral.a(read_core_timer_lib.o)
 .debug_info    0x00030427       0xa8 /Applications/microchip/xc32/v1.33/bin/bin/../../lib/gcc/pic32mx/4.5.2/../../../../pic32mx/lib/libmchp_peripheral.a(write_core_timer_lib.o)
 .debug_info    0x000304cf      0x233 /Applications/microchip/xc32/v1.33/bin/bin/../../lib/gcc/pic32mx/4.5.2/../../../../pic32mx/lib/libmchp_peripheral_32MX795F512H.a(CANConfiguration.o)
 .debug_info    0x00030702      0x1cf /Applications/microchip/xc32/v1.33/bin/bin/../../lib/gcc/pic32mx/4.5.2/../../../../pic32mx/lib/libmchp_peripheral_32MX795F512H.a(CANEventFunctions.o)
 .debug_info    0x000308d1      0x158 /Applications/microchip/xc32/v1.33/bin/bin/../../lib/gcc/pic32mx/4.5.2/../../../../pic32mx/lib/libmchp_peripheral_32MX795F512H.a(CANFilterFunctions.o)
 .debug_info    0x00030a29       0xec /Applications/microchip/xc32/v1.33/bin/bin/../../lib/gcc/pic32mx/4.5.2/../../../../pic32mx/lib/libmchp_peripheral_32MX795F512H.a(CANReceiveFunctions.o)
 .debug_info    0x00030b15      0x158 /Applications/microchip/xc32/v1.33/bin/bin/../../lib/gcc/pic32mx/4.5.2/../../../../pic32mx/lib/libmchp_peripheral_32MX795F512H.a(CANTransmitFunctions.o)
 .debug_info    0x00030c6d       0xbb /Applications/microchip/xc32/v1.33/bin/bin/../../lib/gcc/pic32mx/4.5.2/../../../../pic32mx/lib/libmchp_peripheral_32MX795F512H.a(pcache.o)
 .debug_info    0x00030d28       0xae /Applications/microchip/xc32/v1.33/bin/bin/../../lib/gcc/pic32mx/4.5.2/../../../../pic32mx/lib/libmchp_peripheral_32MX795F512H.a(int_configure_system_lib.o)